[2026-09-28T11:10:18] === phase validate ===
[2026-09-28T11:10:18] 6 jobs, 0 already complete, running 6 with 6 workers
[2026-09-28T11:19:32]   L0_strict__marl__seed7__original: exit=0 (552s)
[2026-09-28T11:19:37]   L0_strict__marl__seed7__v2: exit=0 (558s)
[2026-09-28T11:22:08]   L0_strict__feasible__seed7__original: exit=0 (708s)
[2026-09-28T11:22:08]   L0_strict__feasible__seed7__v2: exit=0 (707s)
[2026-09-28T11:22:08]   L0_strict__anchor__seed7__original: exit=0 (602s)
[2026-09-28T11:22:08]   L0_strict__anchor__seed7__v2: exit=0 (606s)
[2026-09-28T11:22:08] [VALIDATE] L0_strict__marl__seed7__original: audit=-0.24948388 frozen=-0.24948388 -> OK
[2026-09-28T11:22:08] [VALIDATE] L0_strict__marl__seed7__v2: audit=-0.23127154 frozen=-0.23127154 -> OK
[2026-09-28T11:22:08] [VALIDATE] L0_strict__feasible__seed7__original: audit=0.50540156 frozen=0.50540156 -> OK
[2026-09-28T11:22:08] [VALIDATE] L0_strict__feasible__seed7__v2: audit=0.47575644 frozen=0.47575644 -> OK
[2026-09-28T11:22:08] [VALIDATE] L0_strict__anchor__seed7__original: audit=0.50273786 frozen=0.50273786 -> OK
[2026-09-28T11:22:08] [VALIDATE] L0_strict__anchor__seed7__v2: audit=0.48175369 frozen=0.48175369 -> OK
[2026-09-28T11:22:08] validation gate PASSED
[2026-09-28T11:22:08] campaign finished
[2026-09-28T11:22:27] === phase evals ===
[2026-09-28T11:22:27] === phase retrain ===
[2026-09-28T11:22:27] retraining MARL under price-taker shortcut, seeds [7, 42, 123], 3 in parallel
[2026-09-28T11:22:27] 182 jobs, 0 already complete, running 182 with 4 workers
[2026-09-28T11:34:34]   L1_price_taker__marl__seed7__original: exit=0 (724s)
[2026-09-28T11:34:40]   L1_price_taker__marl__seed7__v2: exit=0 (730s)
[2026-09-28T11:34:40]   L1_price_taker__marl__seed42__original: exit=0 (726s)
[2026-09-28T11:34:40]   L1_price_taker__marl__seed42__v2: exit=0 (727s)
[2026-09-28T11:45:29]   L1_price_taker__marl__seed123__original: exit=0 (654s)
[2026-09-28T11:45:30]   L1_price_taker__marl__seed123__v2: exit=0 (653s)
[2026-09-28T11:45:33]   L1_price_taker__marl__seed2025__original: exit=0 (656s)
[2026-09-28T11:45:33]   L1_price_taker__marl__seed2025__v2: exit=0 (650s)
[2026-09-28T11:55:49]   L1_price_taker__marl__seed3007__original: exit=0 (620s)
[2026-09-28T11:55:50]   L1_price_taker__marl__seed3007__v2: exit=0 (620s)
[2026-09-28T11:55:50]   L1_price_taker__marl__seed5001__original: exit=0 (617s)
[2026-09-28T11:55:50]   L1_price_taker__marl__seed5001__v2: exit=0 (615s)
[2026-09-28T12:05:55]   L1_price_taker__marl__seed8102__original: exit=0 (605s)
[2026-09-28T12:05:55]   L1_price_taker__marl__seed8102__v2: exit=0 (605s)
[2026-09-28T12:05:56]   L1_price_taker__marl__seed9005__original: exit=0 (606s)
[2026-09-28T12:06:00]   L1_price_taker__marl__seed9005__v2: exit=0 (609s)
[2026-09-28T12:16:45]   L1_price_taker__marl__seed10001__original: exit=0 (650s)
[2026-09-28T12:16:46]   L1_price_taker__marl__seed10001__v2: exit=0 (651s)
[2026-09-28T12:16:46]   L1_price_taker__marl__seed11202__original: exit=0 (649s)
[2026-09-28T12:16:48]   L1_price_taker__marl__seed11202__v2: exit=0 (648s)
[2026-09-28T12:30:53]   L1_price_taker__feasible__seed7__original: exit=0 (848s)
[2026-09-28T12:30:55]   L1_price_taker__feasible__seed7__v2: exit=0 (850s)
[2026-09-28T12:30:55]   L1_price_taker__feasible__seed42__original: exit=0 (849s)
[2026-09-28T12:31:00]   L1_price_taker__feasible__seed42__v2: exit=0 (851s)
[2026-09-28T12:45:20]   L1_price_taker__feasible__seed123__original: exit=0 (866s)
[2026-09-28T12:45:23]   L1_price_taker__feasible__seed123__v2: exit=0 (868s)
[2026-09-28T12:45:32]   L1_price_taker__feasible__seed2025__original: exit=0 (876s)
[2026-09-28T12:45:32]   L1_price_taker__feasible__seed2025__v2: exit=0 (867s)
[2026-09-28T12:59:43]   L1_price_taker__feasible__seed3007__original: exit=0 (863s)
[2026-09-28T12:59:48]   L1_price_taker__feasible__seed3007__v2: exit=0 (864s)
[2026-09-28T12:59:48]   L1_price_taker__feasible__seed5001__original: exit=0 (858s)
[2026-09-28T12:59:56]   L1_price_taker__feasible__seed5001__v2: exit=0 (863s)
[2026-09-28T13:15:43]   L1_price_taker__feasible__seed8102__original: exit=0 (960s)
[2026-09-28T13:15:43]   L1_price_taker__feasible__seed8102__v2: exit=0 (954s)
[2026-09-28T13:15:52]   L1_price_taker__feasible__seed9005__original: exit=0 (963s)
[2026-09-28T13:16:00]   L1_price_taker__feasible__seed9005__v2: exit=0 (964s)
[2026-09-28T13:32:39]   L1_price_taker__feasible__seed10001__original: exit=0 (1017s)
[2026-09-28T13:32:47]   L1_price_taker__feasible__seed10001__v2: exit=0 (1023s)
[2026-09-28T13:32:56]   L1_price_taker__feasible__seed11202__original: exit=0 (1024s)
[2026-09-28T13:32:58]   L1_price_taker__feasible__seed11202__v2: exit=0 (1017s)
[2026-09-28T13:46:46]   L1_price_taker__anchor__seed7__original: exit=0 (847s)
[2026-09-28T13:47:00]   L1_price_taker__anchor__seed7__v2: exit=0 (852s)
[2026-09-28T13:47:00]   L2_no_solvency__marl__seed7__original: exit=0 (757s)
[2026-09-28T13:47:00]   L2_no_solvency__marl__seed7__v2: exit=0 (760s)
[2026-09-28T13:58:38]   L2_no_solvency__marl__seed42__original: exit=0 (784s)
[2026-09-28T13:58:40]   L2_no_solvency__marl__seed42__v2: exit=0 (781s)
[2026-09-28T13:59:38]   L2_no_solvency__marl__seed123__original: exit=0 (772s)
[2026-09-28T13:59:54]   L2_no_solvency__marl__seed123__v2: exit=0 (774s)
[2026-09-28T14:09:03]   L2_no_solvency__marl__seed2025__original: exit=0 (625s)
[2026-09-28T14:09:09]   L2_no_solvency__marl__seed2025__v2: exit=0 (628s)
[2026-09-28T14:10:04]   L2_no_solvency__marl__seed3007__original: exit=0 (625s)
[2026-09-28T14:10:22]   L2_no_solvency__marl__seed3007__v2: exit=0 (627s)
[2026-09-28T14:19:29]   L2_no_solvency__marl__seed5001__original: exit=0 (625s)
[2026-09-28T14:19:37]   L2_no_solvency__marl__seed5001__v2: exit=0 (628s)
[2026-09-28T14:20:30]   L2_no_solvency__marl__seed8102__original: exit=0 (626s)
[2026-09-28T14:20:52]   L2_no_solvency__marl__seed8102__v2: exit=0 (629s)
[2026-09-28T14:29:54]   L2_no_solvency__marl__seed9005__original: exit=0 (625s)
[2026-09-28T14:30:06]   L2_no_solvency__marl__seed9005__v2: exit=0 (628s)
[2026-09-28T14:31:00]   L2_no_solvency__marl__seed10001__original: exit=0 (629s)
[2026-09-28T14:31:19]   L2_no_solvency__marl__seed10001__v2: exit=0 (627s)
[2026-09-28T14:40:24]   L2_no_solvency__marl__seed11202__original: exit=0 (629s)
[2026-09-28T14:40:33]   L2_no_solvency__marl__seed11202__v2: exit=0 (626s)
[2026-09-28T14:45:03]   L2_no_solvency__feasible__seed7__original: exit=0 (843s)
[2026-09-28T14:45:26]   L2_no_solvency__feasible__seed7__v2: exit=0 (846s)
[2026-09-28T14:54:27]   L2_no_solvency__feasible__seed42__original: exit=0 (842s)
[2026-09-28T14:54:32]   L2_no_solvency__feasible__seed42__v2: exit=0 (838s)
[2026-09-28T14:59:11]   L2_no_solvency__feasible__seed123__original: exit=0 (848s)
[2026-09-28T14:59:33]   L2_no_solvency__feasible__seed123__v2: exit=0 (847s)
[2026-09-28T15:08:33]   L2_no_solvency__feasible__seed2025__original: exit=0 (846s)
[2026-09-28T15:08:37]   L2_no_solvency__feasible__seed2025__v2: exit=0 (845s)
[2026-09-28T15:13:17]   L2_no_solvency__feasible__seed3007__original: exit=0 (845s)
[2026-09-28T15:13:35]   L2_no_solvency__feasible__seed3007__v2: exit=0 (842s)
[2026-09-28T15:22:39]   L2_no_solvency__feasible__seed5001__original: exit=0 (845s)
[2026-09-28T15:22:42]   L2_no_solvency__feasible__seed5001__v2: exit=0 (844s)
[2026-09-28T15:28:29]   L2_no_solvency__feasible__seed8102__original: exit=0 (911s)
[2026-09-28T15:29:01]   L2_no_solvency__feasible__seed8102__v2: exit=0 (925s)
[2026-09-28T15:39:13]   L2_no_solvency__feasible__seed9005__original: exit=0 (994s)
[2026-09-28T15:39:18]   L2_no_solvency__feasible__seed9005__v2: exit=0 (995s)
[2026-09-28T15:45:26]   L2_no_solvency__feasible__seed10001__original: exit=0 (1017s)
[2026-09-28T15:45:45]   L2_no_solvency__feasible__seed10001__v2: exit=0 (1003s)
[2026-09-28T15:55:48]   L2_no_solvency__feasible__seed11202__original: exit=0 (994s)
[2026-09-28T15:56:00]   L2_no_solvency__feasible__seed11202__v2: exit=0 (1002s)
[2026-09-28T15:58:49]   L2_no_solvency__anchor__seed7__original: exit=0 (802s)
[2026-09-28T15:58:59]   L2_no_solvency__anchor__seed7__v2: exit=0 (793s)
[2026-09-28T16:08:15]   L3_price_taker_no_solvency__marl__seed7__original: exit=0 (747s)
[2026-09-28T16:08:15]   L3_price_taker_no_solvency__marl__seed7__v2: exit=0 (731s)
[2026-09-28T16:08:18]   retrain seed 7: exit=0
[2026-09-28T16:08:18]   retrain seed 42: exit=0
[2026-09-28T16:08:18]   retrain seed 123: exit=0
[2026-09-28T16:08:18] 12 jobs, 0 already complete, running 12 with 3 workers
[2026-09-28T16:11:12]   L3_price_taker_no_solvency__marl__seed42__original: exit=0 (743s)
[2026-09-28T16:11:28]   L3_price_taker_no_solvency__marl__seed42__v2: exit=0 (748s)
[2026-09-28T16:21:10]   L3_price_taker_no_solvency__marl__seed123__original: exit=0 (778s)
[2026-09-28T16:21:11]   L1_price_taker__marl_trained_price_taker__seed7__original: exit=0 (769s)
[2026-09-28T16:21:11]   L1_price_taker__marl_trained_price_taker__seed7__v2: exit=0 (768s)
[2026-09-28T16:21:11]   L1_price_taker__marl_trained_price_taker__seed42__original: exit=0 (768s)
[2026-09-28T16:21:14]   L3_price_taker_no_solvency__marl__seed123__v2: exit=0 (779s)
[2026-09-28T16:24:19]   L3_price_taker_no_solvency__marl__seed2025__original: exit=0 (786s)
[2026-09-28T16:24:36]   L3_price_taker_no_solvency__marl__seed2025__v2: exit=0 (788s)
[2026-09-28T16:34:33]   L1_price_taker__marl_trained_price_taker__seed42__v2: exit=0 (801s)
[2026-09-28T16:34:33]   L1_price_taker__marl_trained_price_taker__seed123__original: exit=0 (799s)
[2026-09-28T16:34:33]   L1_price_taker__marl_trained_price_taker__seed123__v2: exit=0 (800s)
[2026-09-28T16:34:35]   L3_price_taker_no_solvency__marl__seed3007__original: exit=0 (804s)
[2026-09-28T16:34:35]   L3_price_taker_no_solvency__marl__seed3007__v2: exit=0 (796s)
[2026-09-28T16:37:10]   L3_price_taker_no_solvency__marl__seed5001__original: exit=0 (771s)
[2026-09-28T16:37:29]   L3_price_taker_no_solvency__marl__seed5001__v2: exit=0 (773s)
[2026-09-28T16:47:22]   L0_strict__marl_trained_price_taker__seed7__original: exit=0 (771s)
[2026-09-28T16:47:23]   L3_price_taker_no_solvency__marl__seed8102__original: exit=0 (773s)
[2026-09-28T16:47:23]   L3_price_taker_no_solvency__marl__seed8102__v2: exit=0 (760s)
[2026-09-28T16:47:28]   L0_strict__marl_trained_price_taker__seed7__v2: exit=0 (775s)
[2026-09-28T16:47:28]   L0_strict__marl_trained_price_taker__seed42__original: exit=0 (773s)
[2026-09-28T16:49:50]   L3_price_taker_no_solvency__marl__seed9005__original: exit=0 (760s)
[2026-09-28T16:50:11]   L3_price_taker_no_solvency__marl__seed9005__v2: exit=0 (762s)
[2026-09-28T17:00:13]   L3_price_taker_no_solvency__marl__seed10001__original: exit=0 (778s)
[2026-09-28T17:00:16]   L0_strict__marl_trained_price_taker__seed42__v2: exit=0 (773s)
[2026-09-28T17:00:19]   L3_price_taker_no_solvency__marl__seed10001__v2: exit=0 (775s)
[2026-09-28T17:00:23]   L0_strict__marl_trained_price_taker__seed123__original: exit=0 (776s)
[2026-09-28T17:00:27]   L0_strict__marl_trained_price_taker__seed123__v2: exit=0 (779s)
[2026-09-28T17:00:27] campaign finished
[2026-09-28T17:02:05]   L3_price_taker_no_solvency__marl__seed11202__original: exit=0 (735s)
[2026-09-28T17:02:22]   L3_price_taker_no_solvency__marl__seed11202__v2: exit=0 (730s)
[2026-09-28T17:13:29]   L3_price_taker_no_solvency__feasible__seed7__original: exit=0 (795s)
[2026-09-28T17:13:34]   L3_price_taker_no_solvency__feasible__seed7__v2: exit=0 (795s)
[2026-09-28T17:15:18]   L3_price_taker_no_solvency__feasible__seed42__original: exit=0 (792s)
[2026-09-28T17:15:38]   L3_price_taker_no_solvency__feasible__seed42__v2: exit=0 (796s)
[2026-09-28T17:26:34]   L3_price_taker_no_solvency__feasible__seed123__original: exit=0 (785s)
[2026-09-28T17:26:39]   L3_price_taker_no_solvency__feasible__seed123__v2: exit=0 (785s)
[2026-09-28T17:28:25]   L3_price_taker_no_solvency__feasible__seed2025__original: exit=0 (787s)
[2026-09-28T17:28:45]   L3_price_taker_no_solvency__feasible__seed2025__v2: exit=0 (787s)
[2026-09-28T17:39:48]   L3_price_taker_no_solvency__feasible__seed3007__original: exit=0 (793s)
[2026-09-28T17:39:52]   L3_price_taker_no_solvency__feasible__seed3007__v2: exit=0 (792s)
[2026-09-28T17:41:35]   L3_price_taker_no_solvency__feasible__seed5001__original: exit=0 (789s)
[2026-09-28T17:41:55]   L3_price_taker_no_solvency__feasible__seed5001__v2: exit=0 (789s)
[2026-09-28T17:52:58]   L3_price_taker_no_solvency__feasible__seed8102__original: exit=0 (789s)
[2026-09-28T17:53:02]   L3_price_taker_no_solvency__feasible__seed8102__v2: exit=0 (790s)
[2026-09-28T17:54:46]   L3_price_taker_no_solvency__feasible__seed9005__original: exit=0 (790s)
[2026-09-28T17:55:10]   L3_price_taker_no_solvency__feasible__seed9005__v2: exit=0 (795s)
[2026-09-28T18:06:18]   L3_price_taker_no_solvency__feasible__seed10001__original: exit=0 (800s)
[2026-09-28T18:06:20]   L3_price_taker_no_solvency__feasible__seed10001__v2: exit=0 (797s)
[2026-09-28T18:08:00]   L3_price_taker_no_solvency__feasible__seed11202__original: exit=0 (794s)
[2026-09-28T18:08:22]   L3_price_taker_no_solvency__feasible__seed11202__v2: exit=0 (791s)
[2026-09-28T18:19:04]   L3_price_taker_no_solvency__anchor__seed7__original: exit=0 (765s)
[2026-09-28T18:19:05]   L3_price_taker_no_solvency__anchor__seed7__v2: exit=0 (764s)
[2026-09-28T18:20:07]   L4_load_proxy_liquidity__marl__seed7__original: exit=0 (727s)
[2026-09-28T18:20:43]   L4_load_proxy_liquidity__marl__seed7__v2: exit=0 (740s)
[2026-09-28T18:34:41]   L4_load_proxy_liquidity__marl__seed42__original: exit=0 (937s)
[2026-09-28T18:34:47]   L4_load_proxy_liquidity__marl__seed42__v2: exit=0 (941s)
[2026-09-28T18:35:38]   L4_load_proxy_liquidity__marl__seed123__original: exit=0 (931s)
[2026-09-28T18:36:11]   L4_load_proxy_liquidity__marl__seed123__v2: exit=0 (928s)
[2026-09-28T18:55:55]   L4_load_proxy_liquidity__feasible__seed7__original: exit=0 (1273s)
[2026-09-28T18:56:05]   L4_load_proxy_liquidity__feasible__seed7__v2: exit=0 (1278s)
[2026-09-28T18:56:58]   L4_load_proxy_liquidity__feasible__seed42__original: exit=0 (1279s)
[2026-09-28T18:57:30]   L4_load_proxy_liquidity__feasible__seed42__v2: exit=0 (1279s)
[2026-09-28T19:16:43]   L4_load_proxy_liquidity__feasible__seed123__original: exit=0 (1247s)
[2026-09-28T19:16:56]   L4_load_proxy_liquidity__feasible__seed123__v2: exit=0 (1250s)
[2026-09-28T19:16:56]   L4_load_proxy_liquidity__anchor__seed7__original: exit=0 (1025s)
[2026-09-28T19:16:56]   L4_load_proxy_liquidity__anchor__seed7__v2: exit=0 (1026s)
[2026-09-28T19:28:53]   L5_percent_payoff__marl__seed7__original: exit=0 (889s)
[2026-09-28T19:29:24]   L5_percent_payoff__marl__seed7__v2: exit=0 (886s)
[2026-09-28T19:31:29]   L5_percent_payoff__marl__seed42__original: exit=0 (886s)
[2026-09-28T19:31:41]   L5_percent_payoff__marl__seed42__v2: exit=0 (885s)
[2026-09-28T19:43:58]   L5_percent_payoff__marl__seed123__original: exit=0 (904s)
[2026-09-28T19:44:30]   L5_percent_payoff__marl__seed123__v2: exit=0 (905s)
[2026-09-28T19:44:30]   L5_percent_payoff__feasible__seed7__original: exit=1 (107s)
[2026-09-28T19:44:30]   L5_percent_payoff__feasible__seed7__v2: exit=1 (110s)
[2026-09-28T19:44:30]   L5_percent_payoff__feasible__seed42__original: exit=1 (105s)
[2026-09-28T19:44:30]   L5_percent_payoff__feasible__seed42__v2: exit=1 (107s)
[2026-09-28T19:44:30]   L5_percent_payoff__feasible__seed123__original: exit=1 (106s)
[2026-09-28T19:44:30]   L5_percent_payoff__feasible__seed123__v2: exit=1 (106s)
[2026-09-28T19:53:28]   L5_percent_payoff__anchor__seed7__original: exit=0 (998s)
[2026-09-28T19:53:40]   L5_percent_payoff__anchor__seed7__v2: exit=0 (994s)
[2026-09-28T19:59:12]   L6_interpolated_prices__marl__seed7__original: exit=0 (914s)
[2026-09-28T19:59:45]   L6_interpolated_prices__marl__seed7__v2: exit=0 (914s)
[2026-09-28T20:08:48]   L6_interpolated_prices__marl__seed42__original: exit=0 (919s)
[2026-09-28T20:08:59]   L6_interpolated_prices__marl__seed42__v2: exit=0 (919s)
[2026-09-28T20:14:24]   L6_interpolated_prices__marl__seed123__original: exit=0 (911s)
[2026-09-28T20:14:57]   L6_interpolated_prices__marl__seed123__v2: exit=0 (912s)
[2026-09-28T20:29:13]   L6_interpolated_prices__feasible__seed7__original: exit=0 (1225s)
[2026-09-28T20:29:35]   L6_interpolated_prices__feasible__seed7__v2: exit=0 (1235s)
[2026-09-28T20:35:03]   L6_interpolated_prices__feasible__seed42__original: exit=0 (1238s)
[2026-09-28T20:35:36]   L6_interpolated_prices__feasible__seed42__v2: exit=0 (1239s)
[2026-09-28T20:48:40]   L6_interpolated_prices__feasible__seed123__original: exit=0 (1167s)
[2026-09-28T20:48:56]   L6_interpolated_prices__feasible__seed123__v2: exit=0 (1161s)
[2026-09-28T20:50:16]   L6_interpolated_prices__anchor__seed7__original: exit=0 (912s)
[2026-09-28T20:50:36]   L6_interpolated_prices__anchor__seed7__v2: exit=0 (899s)
[2026-09-28T21:22:51]   L7_thesis_like__marl__seed7__original: exit=0 (2051s)
[2026-09-28T21:23:02]   L7_thesis_like__marl__seed7__v2: exit=0 (2046s)
[2026-09-28T21:24:45]   L7_thesis_like__marl__seed42__original: exit=0 (2069s)
[2026-09-28T21:25:13]   L7_thesis_like__marl__seed42__v2: exit=0 (2077s)
[2026-09-28T21:42:55] === phase evals ===
[2026-09-28T21:42:55] 182 jobs, 166 already complete, running 16 with 5 workers
[2026-09-28T21:44:59]   L5_percent_payoff__feasible__seed7__original: exit=1 (120s)
[2026-09-28T21:44:59]   L5_percent_payoff__feasible__seed7__v2: exit=1 (120s)
[2026-09-28T21:44:59]   L5_percent_payoff__feasible__seed42__original: exit=1 (120s)
[2026-09-28T21:44:59]   L5_percent_payoff__feasible__seed42__v2: exit=1 (120s)
[2026-09-28T21:44:59]   L5_percent_payoff__feasible__seed123__original: exit=1 (120s)
[2026-09-28T21:47:01]   L5_percent_payoff__feasible__seed123__v2: exit=1 (121s)
[2026-09-28T21:57:43]   L7_thesis_like__marl__seed123__original: exit=0 (764s)
[2026-09-28T21:57:44]   L7_thesis_like__marl__seed123__v2: exit=0 (764s)
[2026-09-28T22:01:30]   L7_thesis_like__feasible__seed7__original: exit=0 (991s)
[2026-09-28T22:01:37]   L7_thesis_like__feasible__seed7__v2: exit=0 (997s)
[2026-09-28T22:03:07]   L7_thesis_like__feasible__seed42__original: exit=0 (966s)
[2026-09-28T22:12:53]   L7_thesis_like__feasible__seed42__v2: exit=0 (909s)
[2026-09-28T22:12:53]   L7_thesis_like__feasible__seed123__original: exit=0 (908s)
[2026-09-28T22:15:14]   L7_thesis_like__feasible__seed123__v2: exit=0 (823s)
[2026-09-28T22:15:14]   L7_thesis_like__anchor__seed7__original: exit=0 (721s)
[2026-09-28T22:15:14]   L7_thesis_like__anchor__seed7__v2: exit=0 (691s)
[2026-09-28T22:15:14] campaign finished
[2026-09-28T22:22:58] === phase l7_ext ===
[2026-09-28T22:22:58] 14 jobs, 0 already complete, running 14 with 7 workers
[2026-09-28T22:36:20]   L7_thesis_like__marl__seed2025__original: exit=0 (799s)
[2026-09-28T22:36:20]   L7_thesis_like__marl__seed2025__v2: exit=0 (799s)
[2026-09-28T22:36:24]   L7_thesis_like__marl__seed3007__original: exit=0 (804s)
[2026-09-28T22:36:27]   L7_thesis_like__marl__seed3007__v2: exit=0 (806s)
[2026-09-28T22:36:31]   L7_thesis_like__marl__seed5001__original: exit=0 (810s)
[2026-09-28T22:36:31]   L7_thesis_like__marl__seed5001__v2: exit=0 (803s)
[2026-09-28T22:36:31]   L7_thesis_like__marl__seed8102__original: exit=0 (803s)
[2026-09-28T22:48:51]   L7_thesis_like__marl__seed8102__v2: exit=0 (751s)
[2026-09-28T22:48:52]   L7_thesis_like__marl__seed9005__original: exit=0 (752s)
[2026-09-28T22:48:58]   L7_thesis_like__marl__seed9005__v2: exit=0 (753s)
[2026-09-28T22:48:58]   L7_thesis_like__marl__seed10001__original: exit=0 (748s)
[2026-09-28T22:48:58]   L7_thesis_like__marl__seed10001__v2: exit=0 (749s)
[2026-09-28T22:48:58]   L7_thesis_like__marl__seed11202__original: exit=0 (745s)
[2026-09-28T22:48:58]   L7_thesis_like__marl__seed11202__v2: exit=0 (745s)
[2026-09-28T22:48:58] campaign finished
[2026-09-28T22:49:10] === phase l7_loo ===
[2026-09-28T22:49:10] 56 jobs, 0 already complete, running 56 with 7 workers
[2026-09-28T23:03:32]   L7_minus_interp__marl__seed7__original: exit=0 (859s)
[2026-09-28T23:03:32]   L7_minus_interp__marl__seed7__v2: exit=0 (853s)
[2026-09-28T23:03:32]   L7_minus_interp__marl__seed42__original: exit=0 (850s)
[2026-09-28T23:03:33]   L7_minus_interp__marl__seed42__v2: exit=0 (857s)
[2026-09-28T23:03:33]   L7_minus_interp__marl__seed123__original: exit=0 (854s)
[2026-09-28T23:03:33]   L7_minus_interp__marl__seed123__v2: exit=0 (854s)
[2026-09-28T23:05:03]   L7_minus_interp__anchor__seed7__original: exit=0 (949s)
[2026-09-28T23:18:04]   L7_minus_interp__anchor__seed7__v2: exit=0 (879s)
[2026-09-28T23:18:04]   L7_minus_legacy_fee__marl__seed7__original: exit=0 (788s)
[2026-09-28T23:18:04]   L7_minus_legacy_fee__marl__seed7__v2: exit=0 (784s)
[2026-09-28T23:18:04]   L7_minus_legacy_fee__marl__seed42__original: exit=0 (792s)
[2026-09-28T23:18:04]   L7_minus_legacy_fee__marl__seed42__v2: exit=0 (791s)
[2026-09-28T23:18:04]   L7_minus_legacy_fee__marl__seed123__original: exit=0 (794s)
[2026-09-28T23:18:04]   L7_minus_legacy_fee__marl__seed123__v2: exit=0 (768s)
[2026-09-28T23:29:13]   L7_minus_legacy_fee__anchor__seed7__original: exit=0 (760s)
[2026-09-28T23:29:16]   L7_minus_legacy_fee__anchor__seed7__v2: exit=0 (760s)
[2026-09-28T23:29:16]   L7_minus_no_solvency__marl__seed7__original: exit=0 (662s)
[2026-09-28T23:29:16]   L7_minus_no_solvency__marl__seed7__v2: exit=0 (664s)
[2026-09-28T23:29:16]   L7_minus_no_solvency__marl__seed42__original: exit=0 (669s)
[2026-09-28T23:29:16]   L7_minus_no_solvency__marl__seed42__v2: exit=0 (655s)
[2026-09-28T23:29:16]   L7_minus_no_solvency__marl__seed123__original: exit=0 (660s)
[2026-09-28T23:38:56]   L7_minus_no_solvency__marl__seed123__v2: exit=0 (673s)
[2026-09-28T23:40:31]   L7_minus_no_solvency__anchor__seed7__original: exit=0 (763s)
[2026-09-28T23:40:48]   L7_minus_no_solvency__anchor__seed7__v2: exit=0 (771s)
[2026-09-28T23:40:48]   L7_minus_percent_mtm__marl__seed7__original: exit=0 (683s)
[2026-09-28T23:40:48]   L7_minus_percent_mtm__marl__seed7__v2: exit=0 (678s)
[2026-09-28T23:40:48]   L7_minus_percent_mtm__marl__seed42__original: exit=0 (682s)
[2026-09-28T23:40:48]   L7_minus_percent_mtm__marl__seed42__v2: exit=0 (685s)
[2026-09-28T23:50:26]   L7_minus_percent_mtm__marl__seed123__original: exit=0 (690s)
[2026-09-28T23:51:54]   L7_minus_percent_mtm__marl__seed123__v2: exit=0 (704s)
[2026-09-28T23:53:30]   L7_minus_percent_mtm__anchor__seed7__original: exit=0 (786s)
[2026-09-28T23:53:37]   L7_minus_percent_mtm__anchor__seed7__v2: exit=0 (785s)
[2026-09-28T23:53:37]   L7_minus_price_taker__marl__seed7__original: exit=0 (706s)
[2026-09-28T23:53:37]   L7_minus_price_taker__marl__seed7__v2: exit=0 (697s)
[2026-09-28T23:53:37]   L7_minus_price_taker__marl__seed42__original: exit=0 (702s)
[2026-09-29T00:01:53]   L7_minus_price_taker__marl__seed42__v2: exit=0 (686s)
[2026-09-29T00:03:17]   L7_minus_price_taker__marl__seed123__original: exit=0 (682s)
[2026-09-29T00:03:44]   L7_minus_price_taker__marl__seed123__v2: exit=0 (685s)
[2026-09-29T00:05:03]   L7_minus_price_taker__anchor__seed7__original: exit=0 (760s)
[2026-09-29T00:05:16]   L7_minus_price_taker__anchor__seed7__v2: exit=0 (764s)
[2026-09-29T00:05:16]   L7_minus_sweeper__marl__seed7__original: exit=0 (669s)
[2026-09-29T00:05:16]   L7_minus_sweeper__marl__seed7__v2: exit=0 (666s)
[2026-09-29T00:13:08]   L7_minus_sweeper__marl__seed42__original: exit=0 (675s)
[2026-09-29T00:14:25]   L7_minus_sweeper__marl__seed42__v2: exit=0 (667s)
[2026-09-29T00:14:49]   L7_minus_sweeper__marl__seed123__original: exit=0 (664s)
[2026-09-29T00:15:49]   L7_minus_sweeper__marl__seed123__v2: exit=0 (669s)
[2026-09-29T00:17:05]   L7_minus_sweeper__anchor__seed7__original: exit=0 (741s)
[2026-09-29T00:17:25]   L7_minus_sweeper__anchor__seed7__v2: exit=0 (741s)
[2026-09-29T00:17:25]   L8_pctmtm_nosolv__marl__seed7__original: exit=0 (665s)
[2026-09-29T00:24:21]   L8_pctmtm_nosolv__marl__seed7__v2: exit=0 (673s)
[2026-09-29T00:25:30]   L8_pctmtm_nosolv__marl__seed42__original: exit=0 (664s)
[2026-09-29T00:25:51]   L8_pctmtm_nosolv__marl__seed42__v2: exit=0 (662s)
[2026-09-29T00:26:35]   L8_pctmtm_nosolv__marl__seed123__original: exit=0 (646s)
[2026-09-29T00:26:59]   L8_pctmtm_nosolv__marl__seed123__v2: exit=0 (638s)
[2026-09-29T00:28:21]   L8_pctmtm_nosolv__anchor__seed7__original: exit=0 (676s)
[2026-09-29T00:28:32]   L8_pctmtm_nosolv__anchor__seed7__v2: exit=0 (667s)
[2026-09-29T00:28:32] campaign finished
