24 jobs, 0 complete, running 24 with 7 workers
12:16:29 done FL__NE__PPO__s10__DK1.json (25584.6s)
12:16:49 done FL__NE__PPO__s12__DK1.json (25603.7s)
12:17:14 done FL__NE__PPO__s12__DK2.json (25629.2s)
12:17:16 done FL__NE__PPO__s10__DK2.json (25631.0s)
12:17:31 done FL__NE__PPO__s11__DK1.json (25646.0s)
12:18:13 done ZF__NE__PPO__s10__DK1.json (25686.7s)
12:18:19 done FL__NE__PPO__s11__DK2.json (25694.2s)
14:40:57 done FL__NE__DQN__s10__DK2.json (8558.0s)
14:41:47 done FL__NE__DQN__s10__DK1.json (8614.1s)
15:33:31 done ZF__NE__PPO__s11__DK1.json (11801.5s)
15:33:32 done ZF__NE__PPO__s10__DK2.json (11822.5s)
15:33:40 done ZF__NE__PPO__s12__DK1.json (11783.5s)
15:33:42 done ZF__NE__PPO__s12__DK2.json (11770.3s)
15:34:22 done ZF__NE__PPO__s11__DK2.json (11828.6s)
16:56:23 done FL__NE__DQN__s11__DK1.json (8126.3s)
16:57:29 done FL__NE__DQN__s11__DK2.json (8141.4s)
17:51:36 done FL__NE__DQN__s12__DK2.json (8283.6s)
17:51:44 done FL__NE__DQN__s12__DK1.json (8293.0s)
17:52:15 done ZF__NE__DQN__s10__DK2.json (8312.9s)
17:52:17 done ZF__NE__DQN__s10__DK1.json (8316.7s)
17:53:05 done ZF__NE__DQN__s11__DK1.json (8323.0s)
18:28:25 done ZF__NE__DQN__s11__DK2.json (5521.9s)
18:29:04 done ZF__NE__DQN__s12__DK1.json (5495.9s)
18:55:06 done ZF__NE__DQN__s12__DK2.json (3810.1s)
