120 jobs, 0 complete, running 120 with 7 workers
09:28:20 done LINLL__LOW__PPO__s0__DK2.json (1672.1s)
09:28:30 done LINLL__LOW__PPO__s0__DK1.json (1683.5s)
09:28:32 done LINFL__LOW__PPO__s0__DK2.json (1684.2s)
09:28:34 done LOGNF__LOW__PPO__s0__DK1.json (1686.7s)
09:28:36 done LINFL__HIGH__PPO__s0__DK1.json (1688.2s)
09:28:37 done LOGNF__LOW__PPO__s0__DK2.json (1689.2s)
09:28:39 done LINFL__LOW__PPO__s0__DK1.json (1692.0s)
09:47:24 done LINFL__LOW__DQN__s0__DK1.json (1126.5s)
09:48:01 done LINFL__LOW__DQN__s0__DK2.json (1162.2s)
09:53:51 done LINFL__HIGH__PPO__s0__DK2.json (1531.0s)
09:54:43 done LINLL__HIGH__PPO__s0__DK1.json (1572.6s)
09:54:55 done LOGNF__HIGH__PPO__s0__DK1.json (1581.4s)
09:55:07 done LOGNF__HIGH__PPO__s0__DK2.json (1591.5s)
09:55:48 done LINLL__HIGH__PPO__s0__DK2.json (1635.6s)
10:04:01 done LINLL__LOW__DQN__s0__DK1.json (997.7s)
10:04:37 done LINLL__LOW__DQN__s0__DK2.json (995.6s)
10:09:52 done LOGNF__LOW__DQN__s0__DK1.json (961.0s)
10:10:48 done LOGNF__LOW__DQN__s0__DK2.json (965.1s)
10:10:51 done LINFL__HIGH__DQN__s0__DK1.json (955.6s)
10:11:03 done LINFL__HIGH__DQN__s0__DK2.json (955.4s)
10:11:49 done LINLL__HIGH__DQN__s0__DK1.json (960.9s)
10:21:14 done LINLL__HIGH__DQN__s0__DK2.json (1032.2s)
10:22:13 done LOGNF__HIGH__DQN__s0__DK1.json (1056.1s)
10:27:44 done LOGNF__HIGH__DQN__s0__DK2.json (1071.7s)
10:37:12 done LINFL__LOW__PPO__s1__DK1.json (1584.3s)
10:37:27 done LINFL__LOW__PPO__s1__DK2.json (1596.1s)
10:37:54 done LINLL__LOW__PPO__s1__DK1.json (1610.9s)
10:38:12 done LINLL__LOW__PPO__s1__DK2.json (1582.9s)
10:47:54 done LOGNF__LOW__PPO__s1__DK1.json (1600.0s)
10:48:46 done LOGNF__LOW__PPO__s1__DK2.json (1593.6s)
10:54:40 done LINFL__HIGH__PPO__s1__DK1.json (1616.2s)
11:03:32 done LINFL__HIGH__PPO__s1__DK2.json (1579.3s)
11:04:05 done LINLL__HIGH__PPO__s1__DK1.json (1597.8s)
11:04:58 done LINLL__HIGH__PPO__s1__DK2.json (1624.0s)
11:05:16 done LOGNF__HIGH__PPO__s1__DK1.json (1624.8s)
11:07:17 done LINFL__LOW__DQN__s1__DK1.json (1110.2s)
11:13:43 done LINFL__LOW__DQN__s1__DK2.json (1143.4s)
11:15:23 done LOGNF__HIGH__PPO__s1__DK2.json (1649.8s)
11:22:53 done LINLL__LOW__DQN__s1__DK1.json (1160.8s)
11:23:21 done LINLL__LOW__DQN__s1__DK2.json (1156.0s)
11:24:30 done LOGNF__LOW__DQN__s1__DK2.json (1154.1s)
11:24:48 done LOGNF__LOW__DQN__s1__DK1.json (1190.3s)
11:26:29 done LINFL__HIGH__DQN__s1__DK1.json (1151.9s)
11:32:50 done LINFL__HIGH__DQN__s1__DK2.json (1146.2s)
11:34:08 done LINLL__HIGH__DQN__s1__DK1.json (1124.6s)
11:41:51 done LINLL__HIGH__DQN__s1__DK2.json (1138.4s)
11:42:35 done LOGNF__HIGH__DQN__s1__DK1.json (1153.9s)
11:43:11 done LOGNF__HIGH__DQN__s1__DK2.json (1120.5s)
11:52:55 done LINFL__LOW__PPO__s2__DK1.json (1687.1s)
11:54:22 done LINFL__LOW__PPO__s2__DK2.json (1673.1s)
12:00:48 done LINLL__LOW__PPO__s2__DK1.json (1678.7s)
12:01:12 done LINLL__LOW__PPO__s2__DK2.json (1623.8s)
12:08:17 done LOGNF__LOW__PPO__s2__DK1.json (1585.8s)
12:09:12 done LOGNF__LOW__PPO__s2__DK2.json (1597.8s)
12:09:55 done LINFL__HIGH__PPO__s2__DK1.json (1603.7s)
12:19:32 done LINFL__HIGH__PPO__s2__DK2.json (1596.7s)
12:19:52 done LINLL__HIGH__PPO__s2__DK1.json (1530.3s)
12:27:08 done LOGNF__HIGH__PPO__s2__DK1.json (1556.0s)
12:27:14 done LINLL__HIGH__PPO__s2__DK2.json (1585.6s)
12:27:14 done LINFL__LOW__DQN__s2__DK1.json (1082.1s)
12:28:23 done LINFL__LOW__DQN__s2__DK2.json (1107.9s)
12:34:36 done LOGNF__HIGH__PPO__s2__DK2.json (1579.7s)
12:37:55 done LINLL__LOW__DQN__s2__DK1.json (1103.3s)
12:37:55 done LINLL__LOW__DQN__s2__DK2.json (1083.0s)
12:45:02 done LOGNF__LOW__DQN__s2__DK1.json (1074.1s)
12:45:35 done LOGNF__LOW__DQN__s2__DK2.json (1101.2s)
12:45:36 done LINFL__HIGH__DQN__s2__DK1.json (1101.8s)
12:46:14 done LINFL__HIGH__DQN__s2__DK2.json (1071.8s)
12:52:27 done LINLL__HIGH__DQN__s2__DK1.json (1070.7s)
12:55:26 done LINLL__HIGH__DQN__s2__DK2.json (1051.0s)
12:55:33 done LOGNF__HIGH__DQN__s2__DK1.json (1058.0s)
13:02:29 done LOGNF__HIGH__DQN__s2__DK2.json (1047.6s)
13:10:40 done LINFL__LOW__PPO__s3__DK2.json (1503.8s)
13:11:23 done LINFL__LOW__PPO__s3__DK1.json (1547.6s)
13:12:09 done LINLL__LOW__PPO__s3__DK1.json (1554.6s)
13:17:38 done LINLL__LOW__PPO__s3__DK2.json (1510.9s)
13:20:40 done LOGNF__LOW__PPO__s3__DK1.json (1513.8s)
13:21:07 done LOGNF__LOW__PPO__s3__DK2.json (1534.2s)
13:28:06 done LINFL__HIGH__PPO__s3__DK1.json (1536.7s)
13:35:40 done LINFL__HIGH__PPO__s3__DK2.json (1500.1s)
13:36:25 done LINLL__HIGH__PPO__s3__DK2.json (1455.8s)
13:37:04 done LINLL__HIGH__PPO__s3__DK1.json (1541.8s)
13:38:38 done LINFL__LOW__DQN__s3__DK1.json (1051.2s)
13:42:24 done LOGNF__HIGH__PPO__s3__DK1.json (1486.1s)
13:44:56 done LINFL__LOW__DQN__s3__DK2.json (1009.4s)
13:45:19 done LOGNF__HIGH__PPO__s3__DK2.json (1478.7s)
13:52:28 done LINLL__LOW__DQN__s3__DK1.json (1008.3s)
13:52:53 done LINLL__LOW__DQN__s3__DK2.json (988.4s)
13:53:52 done LOGNF__LOW__DQN__s3__DK1.json (1007.2s)
13:55:41 done LOGNF__LOW__DQN__s3__DK2.json (1022.8s)
13:58:55 done LINFL__HIGH__DQN__s3__DK1.json (991.2s)
14:01:28 done LINFL__HIGH__DQN__s3__DK2.json (992.3s)
14:01:52 done LINLL__HIGH__DQN__s3__DK1.json (993.5s)
14:09:01 done LINLL__HIGH__DQN__s3__DK2.json (992.5s)
14:09:48 done LOGNF__HIGH__DQN__s3__DK1.json (1014.5s)
14:10:22 done LOGNF__HIGH__DQN__s3__DK2.json (990.2s)
14:19:41 done LINFL__LOW__PPO__s4__DK1.json (1439.6s)
14:22:40 done LINFL__LOW__PPO__s4__DK2.json (1424.8s)
14:25:23 done LINLL__LOW__PPO__s4__DK1.json (1435.4s)
14:26:02 done LINLL__LOW__PPO__s4__DK2.json (1450.3s)
14:33:02 done LOGNF__LOW__PPO__s4__DK1.json (1441.2s)
14:33:42 done LOGNF__LOW__PPO__s4__DK2.json (1434.5s)
14:34:39 done LINFL__HIGH__PPO__s4__DK1.json (1457.2s)
14:43:38 done LINFL__HIGH__PPO__s4__DK2.json (1437.5s)
14:46:45 done LINLL__HIGH__PPO__s4__DK1.json (1445.2s)
14:49:56 done LINLL__HIGH__PPO__s4__DK2.json (1472.9s)
14:50:32 done LINFL__LOW__DQN__s4__DK1.json (1009.4s)
14:50:50 done LOGNF__HIGH__PPO__s4__DK1.json (1488.1s)
14:51:30 done LINFL__LOW__DQN__s4__DK2.json (1010.7s)
14:57:49 done LOGNF__HIGH__PPO__s4__DK2.json (1487.1s)
15:00:27 done LINLL__LOW__DQN__s4__DK1.json (1008.6s)
15:03:29 done LINLL__LOW__DQN__s4__DK2.json (1003.4s)
15:06:36 done LOGNF__LOW__DQN__s4__DK1.json (999.3s)
15:07:08 done LOGNF__LOW__DQN__s4__DK2.json (996.7s)
15:07:25 done LINFL__HIGH__DQN__s4__DK1.json (994.4s)
15:07:50 done LINFL__HIGH__DQN__s4__DK2.json (980.1s)
15:12:35 done LINLL__HIGH__DQN__s4__DK1.json (885.3s)
15:14:23 done LINLL__HIGH__DQN__s4__DK2.json (835.9s)
15:16:35 done LOGNF__HIGH__DQN__s4__DK1.json (786.2s)
15:18:04 done LOGNF__HIGH__DQN__s4__DK2.json (688.9s)
