    ZF iter 0 max change 1317.0196 EUR
{'zone': 'DK1', 'gamma': 0.95, 'bins': 2000, 'threshold_K': 1.1, 'opt_0': 16.0, 'opt_0.02': 16.0, 'opt_0.05': 16.0, 'opt_0.1': 16.0, 'opt_0.25': 16.0, 'opt_0.5': 16.0, 'opt_1': 16.0, 'opt_2': 0.0, 'opt_3': 0.0, 'gain_0': 70.48852674098407, 'gain_0.02': 57.08289981323537, 'gain_0.05': 43.909621114726974, 'gain_0.1': 30.69375850346364, 'gain_0.25': 13.930077035742443, 'gain_0.5': 4.7868267083853056, 'gain_1': 0.16925699497908697, 'gain_2': 0.0, 'gain_3': 0.0}
    ZF iter 0 max change 1905.9005 EUR
    ZF iter 10 max change 0.1114 EUR
{'zone': 'DK1', 'gamma': 0.98, 'bins': 2000, 'threshold_K': 1.4, 'opt_0': 16.0, 'opt_0.02': 16.0, 'opt_0.05': 16.0, 'opt_0.1': 16.0, 'opt_0.25': 16.0, 'opt_0.5': 16.0, 'opt_1': 16.0, 'opt_2': 0.0, 'opt_3': 0.0, 'gain_0': 52.78305991635898, 'gain_0.02': 46.589646882844136, 'gain_0.05': 39.43483517331515, 'gain_0.1': 30.80784277269663, 'gain_0.25': 16.555578693735583, 'gain_0.5': 6.698971958767572, 'gain_1': 0.8284539693863024, 'gain_2': 0.0, 'gain_3': 0.0}
    ZF iter 0 max change 2206.4116 EUR
    ZF iter 10 max change 8.5832 EUR
{'zone': 'DK1', 'gamma': 0.99, 'bins': 2000, 'threshold_K': 1.75, 'opt_0': 16.0, 'opt_0.02': 16.0, 'opt_0.05': 16.0, 'opt_0.1': 16.0, 'opt_0.25': 16.0, 'opt_0.5': 16.0, 'opt_1': 16.0, 'opt_2': 0.0, 'opt_3': 0.0, 'gain_0': 41.47193603790947, 'gain_0.02': 38.13640201706585, 'gain_0.05': 33.96173139695202, 'gain_0.1': 28.415833850000126, 'gain_0.25': 17.628569040475895, 'gain_0.5': 8.48432558919535, 'gain_1': 1.7840684147992931, 'gain_2': 0.0, 'gain_3': 0.0}
    ZF iter 0 max change 2385.1981 EUR
    ZF iter 10 max change 74.4667 EUR
    ZF iter 20 max change 6.8583 EUR
    ZF iter 30 max change 0.7137 EUR
{'zone': 'DK1', 'gamma': 0.995, 'bins': 2000, 'threshold_K': 2.26, 'opt_0': 16.0, 'opt_0.02': 16.0, 'opt_0.05': 16.0, 'opt_0.1': 16.0, 'opt_0.25': 16.0, 'opt_0.5': 16.0, 'opt_1': 16.0, 'opt_2': 16.0, 'opt_3': 0.0, 'gain_0': 31.962676768005622, 'gain_0.02': 30.2040097733734, 'gain_0.05': 27.877449130876812, 'gain_0.1': 24.566748132481735, 'gain_0.25': 17.272254246080593, 'gain_0.5': 9.886744633907938, 'gain_1': 3.1209765746087896, 'gain_2': 0.10804294668203696, 'gain_3': 0.0}
    ZF iter 0 max change 1380.8958 EUR
{'zone': 'DK2', 'gamma': 0.95, 'bins': 2000, 'threshold_K': 1.06, 'opt_0': 16.0, 'opt_0.02': 16.0, 'opt_0.05': 16.0, 'opt_0.1': 16.0, 'opt_0.25': 16.0, 'opt_0.5': 16.0, 'opt_1': 16.0, 'opt_2': 0.0, 'opt_3': 0.0, 'gain_0': 73.64805602118031, 'gain_0.02': 60.02310188362367, 'gain_0.05': 45.89377961089804, 'gain_0.1': 31.083692341857272, 'gain_0.25': 12.870805310729253, 'gain_0.5': 4.745953682001613, 'gain_1': 0.07558991319529373, 'gain_2': 0.0, 'gain_3': 0.0}
    ZF iter 0 max change 1981.9527 EUR
    ZF iter 10 max change 0.1094 EUR
{'zone': 'DK2', 'gamma': 0.98, 'bins': 2000, 'threshold_K': 1.3900000000000001, 'opt_0': 16.0, 'opt_0.02': 16.0, 'opt_0.05': 16.0, 'opt_0.1': 16.0, 'opt_0.25': 16.0, 'opt_0.5': 16.0, 'opt_1': 16.0, 'opt_2': 0.0, 'opt_3': 0.0, 'gain_0': 54.14771530855842, 'gain_0.02': 47.890231679953104, 'gain_0.05': 40.42565750115614, 'gain_0.1': 31.175555502608177, 'gain_0.25': 16.000455893620824, 'gain_0.5': 6.505295427503711, 'gain_1': 0.6866224521357864, 'gain_2': 0.0, 'gain_3': 0.0}
    ZF iter 0 max change 2287.5961 EUR
    ZF iter 10 max change 8.4157 EUR
{'zone': 'DK2', 'gamma': 0.99, 'bins': 2000, 'threshold_K': 1.75, 'opt_0': 16.0, 'opt_0.02': 16.0, 'opt_0.05': 16.0, 'opt_0.1': 16.0, 'opt_0.25': 16.0, 'opt_0.5': 16.0, 'opt_1': 16.0, 'opt_2': 0.0, 'opt_3': 0.0, 'gain_0': 42.03055633938675, 'gain_0.02': 38.67105593717042, 'gain_0.05': 34.37484189664019, 'gain_0.1': 28.562646177868373, 'gain_0.25': 17.28172283309982, 'gain_0.5': 8.242615761258207, 'gain_1': 1.618651247794844, 'gain_2': 0.0, 'gain_3': 0.0}
    ZF iter 0 max change 2469.2041 EUR
    ZF iter 10 max change 72.9742 EUR
    ZF iter 20 max change 6.7207 EUR
    ZF iter 30 max change 0.7001 EUR
{'zone': 'DK2', 'gamma': 0.995, 'bins': 2000, 'threshold_K': 2.27, 'opt_0': 16.0, 'opt_0.02': 16.0, 'opt_0.05': 16.0, 'opt_0.1': 16.0, 'opt_0.25': 16.0, 'opt_0.5': 16.0, 'opt_1': 16.0, 'opt_2': 16.0, 'opt_3': 0.0, 'gain_0': 32.07968061981683, 'gain_0.02': 30.312295937477757, 'gain_0.05': 27.940127050476804, 'gain_0.1': 24.524016202913117, 'gain_0.25': 17.00396213939257, 'gain_0.5': 9.634758006387528, 'gain_1': 2.9346854106582896, 'gain_2': 0.0965833416227646, 'gain_3': 0.0}
    ZF iter 0 max change 1199.2639 EUR
{'zone': 'FI', 'gamma': 0.95, 'bins': 2000, 'threshold_K': 1.62, 'opt_0': 16.0, 'opt_0.02': 16.0, 'opt_0.05': 16.0, 'opt_0.1': 16.0, 'opt_0.25': 16.0, 'opt_0.5': 16.0, 'opt_1': 16.0, 'opt_2': 0.0, 'opt_3': 0.0, 'gain_0': 64.24836099240338, 'gain_0.02': 50.776485403788456, 'gain_0.05': 37.64384020741659, 'gain_0.1': 25.64398137167757, 'gain_0.25': 13.501076533426726, 'gain_0.5': 7.829788184883682, 'gain_1': 2.9106071610127913, 'gain_2': 0.0, 'gain_3': 0.0}
    ZF iter 0 max change 1728.8129 EUR
    ZF iter 10 max change 0.1186 EUR
{'zone': 'FI', 'gamma': 0.98, 'bins': 2000, 'threshold_K': 1.84, 'opt_0': 16.0, 'opt_0.02': 16.0, 'opt_0.05': 16.0, 'opt_0.1': 16.0, 'opt_0.25': 16.0, 'opt_0.5': 16.0, 'opt_1': 16.0, 'opt_2': 0.0, 'opt_3': 0.0, 'gain_0': 48.36193789596473, 'gain_0.02': 42.15474932522011, 'gain_0.05': 35.045222637591905, 'gain_0.1': 26.95273722209231, 'gain_0.25': 15.453286494038252, 'gain_0.5': 8.757353914051976, 'gain_1': 3.4009306775100754, 'gain_2': 0.0, 'gain_3': 0.0}
    ZF iter 0 max change 1999.1845 EUR
    ZF iter 10 max change 9.1385 EUR
{'zone': 'FI', 'gamma': 0.99, 'bins': 2000, 'threshold_K': 2.2, 'opt_0': 16.0, 'opt_0.02': 16.0, 'opt_0.05': 16.0, 'opt_0.1': 16.0, 'opt_0.25': 16.0, 'opt_0.5': 16.0, 'opt_1': 16.0, 'opt_2': 16.0, 'opt_3': 0.0, 'gain_0': 38.59878100240576, 'gain_0.02': 35.259331216139344, 'gain_0.05': 31.111061105951194, 'gain_0.1': 25.819254168604857, 'gain_0.25': 16.57641280230564, 'gain_0.5': 9.771366586527392, 'gain_1': 4.029558862951831, 'gain_2': 0.09909518845382337, 'gain_3': 0.0}
    ZF iter 0 max change 2160.0810 EUR
    ZF iter 10 max change 79.2912 EUR
    ZF iter 20 max change 7.5565 EUR
    ZF iter 30 max change 0.7998 EUR
{'zone': 'FI', 'gamma': 0.995, 'bins': 2000, 'threshold_K': 2.7300000000000004, 'opt_0': 16.0, 'opt_0.02': 16.0, 'opt_0.05': 16.0, 'opt_0.1': 16.0, 'opt_0.25': 16.0, 'opt_0.5': 16.0, 'opt_1': 16.0, 'opt_2': 16.0, 'opt_3': 0.0, 'gain_0': 30.488425392821227, 'gain_0.02': 28.728644471307234, 'gain_0.05': 26.414573948296493, 'gain_0.1': 23.213927819034325, 'gain_0.25': 16.67226609357749, 'gain_0.5': 10.696245639051995, 'gain_1': 4.9010011620357545, 'gain_2': 0.5509167394276062, 'gain_3': 0.0}
    ZF iter 0 max change 197.9168 EUR
{'zone': 'NO2', 'gamma': 0.95, 'bins': 2000, 'threshold_K': 0.09, 'opt_0': 16.0, 'opt_0.02': 16.0, 'opt_0.05': 16.0, 'opt_0.1': 0.0, 'opt_0.25': 0.0, 'opt_0.5': 0.0, 'opt_1': 0.0, 'opt_2': 0.0, 'opt_3': 0.0, 'gain_0': 10.486820649836119, 'gain_0.02': 2.6707975857931885, 'gain_0.05': 0.4734805451370949, 'gain_0.1': 0.0, 'gain_0.25': 0.0, 'gain_0.5': 0.0, 'gain_1': 0.0, 'gain_2': 0.0, 'gain_3': 0.0}
    ZF iter 0 max change 279.8278 EUR
{'zone': 'NO2', 'gamma': 0.98, 'bins': 2000, 'threshold_K': 0.11, 'opt_0': 16.0, 'opt_0.02': 16.0, 'opt_0.05': 16.0, 'opt_0.1': 16.0, 'opt_0.25': 0.0, 'opt_0.5': 0.0, 'opt_1': 0.0, 'opt_2': 0.0, 'opt_3': 0.0, 'gain_0': 7.437822268955756, 'gain_0.02': 3.1118244851541306, 'gain_0.05': 0.9190427997091675, 'gain_0.1': 0.05672554287491538, 'gain_0.25': 0.0, 'gain_0.5': 0.0, 'gain_1': 0.0, 'gain_2': 0.0, 'gain_3': 0.0}
    ZF iter 0 max change 321.1950 EUR
    ZF iter 10 max change 1.0056 EUR
{'zone': 'NO2', 'gamma': 0.99, 'bins': 2000, 'threshold_K': 0.135, 'opt_0': 16.0, 'opt_0.02': 16.0, 'opt_0.05': 16.0, 'opt_0.1': 16.0, 'opt_0.25': 0.0, 'opt_0.5': 0.0, 'opt_1': 0.0, 'opt_2': 0.0, 'opt_3': 0.0, 'gain_0': 5.61666584397733, 'gain_0.02': 3.0398333377307836, 'gain_0.05': 1.2493294521744787, 'gain_0.1': 0.22254641730537017, 'gain_0.25': 0.0, 'gain_0.5': 0.0, 'gain_1': 0.0, 'gain_2': 0.0, 'gain_3': 0.0}
    ZF iter 0 max change 345.7133 EUR
    ZF iter 10 max change 8.7485 EUR
    ZF iter 20 max change 0.7602 EUR
{'zone': 'NO2', 'gamma': 0.995, 'bins': 2000, 'threshold_K': 0.17500000000000002, 'opt_0': 16.0, 'opt_0.02': 16.0, 'opt_0.05': 16.0, 'opt_0.1': 16.0, 'opt_0.25': 0.0, 'opt_0.5': 0.0, 'opt_1': 0.0, 'opt_2': 0.0, 'opt_3': 0.0, 'gain_0': 4.175882845511751, 'gain_0.02': 2.711269610325985, 'gain_0.05': 1.4323602032170584, 'gain_0.1': 0.4440284404969077, 'gain_0.25': 0.0, 'gain_0.5': 0.0, 'gain_1': 0.0, 'gain_2': 0.0, 'gain_3': 0.0}
zone  gamma  bins  threshold_K  opt_0  opt_0.02  opt_0.05  opt_0.1  opt_0.25  opt_0.5  opt_1  opt_2  opt_3  gain_0  gain_0.02  gain_0.05  gain_0.1  gain_0.25  gain_0.5  gain_1  gain_2  gain_3
 DK1  0.950  2000        1.100   16.0      16.0      16.0     16.0      16.0     16.0   16.0    0.0    0.0  70.489     57.083     43.910    30.694     13.930     4.787   0.169   0.000     0.0
 DK1  0.980  2000        1.400   16.0      16.0      16.0     16.0      16.0     16.0   16.0    0.0    0.0  52.783     46.590     39.435    30.808     16.556     6.699   0.828   0.000     0.0
 DK1  0.990  2000        1.750   16.0      16.0      16.0     16.0      16.0     16.0   16.0    0.0    0.0  41.472     38.136     33.962    28.416     17.629     8.484   1.784   0.000     0.0
 DK1  0.995  2000        2.260   16.0      16.0      16.0     16.0      16.0     16.0   16.0   16.0    0.0  31.963     30.204     27.877    24.567     17.272     9.887   3.121   0.108     0.0
 DK2  0.950  2000        1.060   16.0      16.0      16.0     16.0      16.0     16.0   16.0    0.0    0.0  73.648     60.023     45.894    31.084     12.871     4.746   0.076   0.000     0.0
 DK2  0.980  2000        1.390   16.0      16.0      16.0     16.0      16.0     16.0   16.0    0.0    0.0  54.148     47.890     40.426    31.176     16.000     6.505   0.687   0.000     0.0
 DK2  0.990  2000        1.750   16.0      16.0      16.0     16.0      16.0     16.0   16.0    0.0    0.0  42.031     38.671     34.375    28.563     17.282     8.243   1.619   0.000     0.0
 DK2  0.995  2000        2.270   16.0      16.0      16.0     16.0      16.0     16.0   16.0   16.0    0.0  32.080     30.312     27.940    24.524     17.004     9.635   2.935   0.097     0.0
  FI  0.950  2000        1.620   16.0      16.0      16.0     16.0      16.0     16.0   16.0    0.0    0.0  64.248     50.776     37.644    25.644     13.501     7.830   2.911   0.000     0.0
  FI  0.980  2000        1.840   16.0      16.0      16.0     16.0      16.0     16.0   16.0    0.0    0.0  48.362     42.155     35.045    26.953     15.453     8.757   3.401   0.000     0.0
  FI  0.990  2000        2.200   16.0      16.0      16.0     16.0      16.0     16.0   16.0   16.0    0.0  38.599     35.259     31.111    25.819     16.576     9.771   4.030   0.099     0.0
  FI  0.995  2000        2.730   16.0      16.0      16.0     16.0      16.0     16.0   16.0   16.0    0.0  30.488     28.729     26.415    23.214     16.672    10.696   4.901   0.551     0.0
 NO2  0.950  2000        0.090   16.0      16.0      16.0      0.0       0.0      0.0    0.0    0.0    0.0  10.487      2.671      0.473     0.000      0.000     0.000   0.000   0.000     0.0
 NO2  0.980  2000        0.110   16.0      16.0      16.0     16.0       0.0      0.0    0.0    0.0    0.0   7.438      3.112      0.919     0.057      0.000     0.000   0.000   0.000     0.0
 NO2  0.990  2000        0.135   16.0      16.0      16.0     16.0       0.0      0.0    0.0    0.0    0.0   5.617      3.040      1.249     0.223      0.000     0.000   0.000   0.000     0.0
 NO2  0.995  2000        0.175   16.0      16.0      16.0     16.0       0.0      0.0    0.0    0.0    0.0   4.176      2.711      1.432     0.444      0.000     0.000   0.000   0.000     0.0
