60 jobs, 0 complete, running 60 with 7 workers
17:37:38 done ZF__g0.99__PPO__s0__DK1.json (1231.7s): L(0.1)=16 L(2)=0.25
17:37:41 done ZF__g0.95__PPO__s0__DK2.json (1234.7s): L(0.1)=16 L(2)=1
17:37:45 done ZF__g0.995__PPO__s0__DK1.json (1238.7s): L(0.1)=16 L(2)=0.25
17:37:52 done ZF__g0.95__PPO__s0__DK1.json (1247.2s): L(0.1)=16 L(2)=16
17:37:56 done ZF__g0.98__PPO__s0__DK1.json (1250.8s): L(0.1)=16 L(2)=1
17:38:01 done ZF__g0.98__PPO__s0__DK2.json (1254.5s): L(0.1)=16 L(2)=1
17:38:04 done ZF__g0.99__PPO__s0__DK2.json (1257.6s): L(0.1)=16 L(2)=16
17:57:16 done ZF__g0.995__PPO__s0__DK2.json (1178.0s): L(0.1)=16 L(2)=16
17:57:29 done FL__g0.95__PPO__s0__DK2.json (1183.5s): L(0.1)=0.25 L(2)=0.25
17:57:35 done FL__g0.95__PPO__s0__DK1.json (1194.4s): L(0.1)=0 L(2)=0
17:57:38 done FL__g0.995__PPO__s0__DK1.json (1185.7s): L(0.1)=4 L(2)=0
17:57:45 done FL__g0.995__PPO__s0__DK2.json (1189.0s): L(0.1)=0.25 L(2)=16
17:57:52 done ZF__g0.95__PPO__s1__DK1.json (1190.9s): L(0.1)=16 L(2)=16
17:57:57 done ZF__g0.95__PPO__s1__DK2.json (1193.2s): L(0.1)=16 L(2)=16
18:16:33 done ZF__g0.98__PPO__s1__DK1.json (1157.3s): L(0.1)=16 L(2)=1
18:16:50 done ZF__g0.99__PPO__s1__DK1.json (1154.7s): L(0.1)=16 L(2)=4
18:16:52 done ZF__g0.98__PPO__s1__DK2.json (1163.0s): L(0.1)=16 L(2)=0
18:16:57 done ZF__g0.995__PPO__s1__DK1.json (1151.6s): L(0.1)=16 L(2)=0.25
18:17:02 done ZF__g0.99__PPO__s1__DK2.json (1163.9s): L(0.1)=16 L(2)=0.25
18:17:19 done ZF__g0.995__PPO__s1__DK2.json (1166.8s): L(0.1)=16 L(2)=0.25
18:17:24 done FL__g0.95__PPO__s1__DK1.json (1166.8s): L(0.1)=0 L(2)=16
18:36:25 done FL__g0.95__PPO__s1__DK2.json (1191.4s): L(0.1)=0 L(2)=0
18:36:37 done FL__g0.995__PPO__s1__DK1.json (1186.5s): L(0.1)=1 L(2)=4
18:36:44 done FL__g0.995__PPO__s1__DK2.json (1192.4s): L(0.1)=4 L(2)=16
18:36:54 done ZF__g0.95__PPO__s2__DK2.json (1192.2s): L(0.1)=16 L(2)=0
18:36:59 done ZF__g0.95__PPO__s2__DK1.json (1202.3s): L(0.1)=16 L(2)=1
18:37:19 done ZF__g0.98__PPO__s2__DK1.json (1200.7s): L(0.1)=16 L(2)=16
18:37:37 done ZF__g0.98__PPO__s2__DK2.json (1213.0s): L(0.1)=16 L(2)=16
18:55:17 done ZF__g0.99__PPO__s2__DK1.json (1132.4s): L(0.1)=16 L(2)=16
18:55:26 done ZF__g0.99__PPO__s2__DK2.json (1129.3s): L(0.1)=16 L(2)=0
18:55:47 done ZF__g0.995__PPO__s2__DK2.json (1133.3s): L(0.1)=16 L(2)=1
18:55:47 done ZF__g0.995__PPO__s2__DK1.json (1143.1s): L(0.1)=16 L(2)=1
18:55:54 done FL__g0.95__PPO__s2__DK1.json (1135.0s): L(0.1)=16 L(2)=16
18:56:10 done FL__g0.95__PPO__s2__DK2.json (1130.7s): L(0.1)=1 L(2)=0.25
18:56:32 done FL__g0.995__PPO__s2__DK1.json (1134.4s): L(0.1)=0 L(2)=4
19:12:47 done FL__g0.995__PPO__s2__DK2.json (1049.5s): L(0.1)=0 L(2)=4
19:12:55 done ZF__g0.95__PPO__s3__DK1.json (1048.6s): L(0.1)=16 L(2)=1
19:13:21 done ZF__g0.95__PPO__s3__DK2.json (1053.5s): L(0.1)=16 L(2)=0.25
19:13:25 done ZF__g0.98__PPO__s3__DK1.json (1058.1s): L(0.1)=16 L(2)=1
19:13:26 done ZF__g0.98__PPO__s3__DK2.json (1051.4s): L(0.1)=16 L(2)=1
19:13:33 done ZF__g0.99__PPO__s3__DK1.json (1042.9s): L(0.1)=16 L(2)=0.25
19:13:53 done ZF__g0.99__PPO__s3__DK2.json (1041.8s): L(0.1)=16 L(2)=1
19:33:18 done ZF__g0.995__PPO__s3__DK1.json (1231.6s): L(0.1)=16 L(2)=0.25
19:33:45 done ZF__g0.995__PPO__s3__DK2.json (1250.4s): L(0.1)=16 L(2)=16
19:33:57 done FL__g0.95__PPO__s3__DK2.json (1231.8s): L(0.1)=16 L(2)=16
19:34:34 done FL__g0.95__PPO__s3__DK1.json (1273.7s): L(0.1)=16 L(2)=1
19:34:38 done FL__g0.995__PPO__s3__DK1.json (1271.8s): L(0.1)=4 L(2)=1
19:34:40 done FL__g0.995__PPO__s3__DK2.json (1267.2s): L(0.1)=1 L(2)=1
19:34:57 done ZF__g0.95__PPO__s4__DK1.json (1263.4s): L(0.1)=16 L(2)=0.25
19:54:48 done ZF__g0.95__PPO__s4__DK2.json (1290.2s): L(0.1)=16 L(2)=4
19:55:21 done ZF__g0.98__PPO__s4__DK1.json (1296.5s): L(0.1)=16 L(2)=16
19:55:23 done ZF__g0.98__PPO__s4__DK2.json (1286.1s): L(0.1)=16 L(2)=16
19:55:50 done ZF__g0.995__PPO__s4__DK1.json (1269.4s): L(0.1)=16 L(2)=0.25
19:56:01 done ZF__g0.99__PPO__s4__DK2.json (1283.2s): L(0.1)=16 L(2)=16
19:56:05 done ZF__g0.99__PPO__s4__DK1.json (1290.6s): L(0.1)=16 L(2)=1
19:56:21 done ZF__g0.995__PPO__s4__DK2.json (1284.3s): L(0.1)=16 L(2)=16
20:10:28 done FL__g0.95__PPO__s4__DK1.json (939.6s): L(0.1)=1 L(2)=1
20:10:47 done FL__g0.95__PPO__s4__DK2.json (925.4s): L(0.1)=1 L(2)=1
20:10:50 done FL__g0.995__PPO__s4__DK1.json (927.1s): L(0.1)=1 L(2)=1
20:11:02 done FL__g0.995__PPO__s4__DK2.json (912.3s): L(0.1)=0 L(2)=0
