60 jobs, 0 complete, running 60 with 7 workers
23:43:59 done LL__EQ__PPO__s0__FI.json (1247.9s): L(0.1)=0.25 L(2)=16
23:44:03 done FL__EQ__PPO__s1__FI.json (1251.9s): L(0.1)=16 L(2)=4
23:44:10 done FL__EQ__PPO__s0__FI.json (1258.3s): L(0.1)=1 L(2)=0
23:44:11 done ZF__EQ__PPO__s0__FI.json (1259.4s): L(0.1)=16 L(2)=1
23:44:11 done LL__EQ__PPO__s0__NO2.json (1260.1s): L(0.1)=0 L(2)=0
23:44:14 done FL__EQ__PPO__s0__NO2.json (1262.1s): L(0.1)=16 L(2)=0
23:44:14 done ZF__EQ__PPO__s0__NO2.json (1262.6s): L(0.1)=16 L(2)=16
00:03:53 done FL__EQ__PPO__s1__NO2.json (1194.3s): L(0.1)=0 L(2)=0.25
00:03:56 done LL__EQ__PPO__s1__FI.json (1193.0s): L(0.1)=1 L(2)=0.25
00:03:58 done LL__EQ__PPO__s1__NO2.json (1188.5s): L(0.1)=4 L(2)=4
00:03:59 done ZF__EQ__PPO__s1__NO2.json (1187.5s): L(0.1)=16 L(2)=16
00:04:02 done FL__EQ__PPO__s2__NO2.json (1187.5s): L(0.1)=16 L(2)=16
00:04:05 done ZF__EQ__PPO__s1__FI.json (1194.1s): L(0.1)=16 L(2)=0
00:04:06 done FL__EQ__PPO__s2__FI.json (1192.2s): L(0.1)=4 L(2)=4
00:23:16 done LL__EQ__PPO__s2__NO2.json (1159.8s): L(0.1)=16 L(2)=16
00:23:19 done LL__EQ__PPO__s2__FI.json (1166.2s): L(0.1)=0 L(2)=4
00:23:20 done ZF__EQ__PPO__s2__FI.json (1161.8s): L(0.1)=16 L(2)=4
00:23:23 done FL__EQ__PPO__s3__NO2.json (1157.9s): L(0.1)=16 L(2)=16
00:23:25 done FL__EQ__PPO__s3__FI.json (1163.6s): L(0.1)=0.25 L(2)=4
00:23:26 done LL__EQ__PPO__s3__FI.json (1160.1s): L(0.1)=0 L(2)=1
00:23:27 done ZF__EQ__PPO__s2__NO2.json (1167.8s): L(0.1)=16 L(2)=1
00:41:04 done ZF__EQ__PPO__s3__NO2.json (1063.6s): L(0.1)=1 L(2)=1
00:41:06 done LL__EQ__PPO__s3__NO2.json (1069.9s): L(0.1)=4 L(2)=0
00:41:11 done FL__EQ__PPO__s4__FI.json (1068.2s): L(0.1)=16 L(2)=4
00:41:13 done FL__EQ__PPO__s4__NO2.json (1067.3s): L(0.1)=0.25 L(2)=0.25
00:41:15 done ZF__EQ__PPO__s3__FI.json (1075.5s): L(0.1)=16 L(2)=4
00:41:15 done LL__EQ__PPO__s4__FI.json (1069.1s): L(0.1)=16 L(2)=0.25
00:41:19 done LL__EQ__PPO__s4__NO2.json (1072.0s): L(0.1)=16 L(2)=0
00:58:59 done ZF__EQ__PPO__s4__FI.json (1075.6s): L(0.1)=16 L(2)=4
00:59:09 done ZF__EQ__PPO__s4__NO2.json (1083.3s): L(0.1)=1 L(2)=0.25
00:59:14 done FL__EQ__PPO__s5__FI.json (1083.1s): L(0.1)=16 L(2)=4
00:59:18 done FL__EQ__PPO__s5__NO2.json (1085.0s): L(0.1)=4 L(2)=1
00:59:19 done LL__EQ__PPO__s5__NO2.json (1084.3s): L(0.1)=4 L(2)=4
00:59:20 done LL__EQ__PPO__s5__FI.json (1084.9s): L(0.1)=16 L(2)=16
00:59:30 done ZF__EQ__PPO__s5__FI.json (1091.7s): L(0.1)=16 L(2)=16
01:14:28 done ZF__EQ__PPO__s5__NO2.json (929.1s): L(0.1)=4 L(2)=4
01:14:40 done FL__EQ__PPO__s6__FI.json (931.0s): L(0.1)=4 L(2)=1
01:14:42 done FL__EQ__PPO__s6__NO2.json (928.0s): L(0.1)=4 L(2)=4
01:14:43 done LL__EQ__PPO__s6__NO2.json (923.5s): L(0.1)=4 L(2)=4
01:14:44 done ZF__EQ__PPO__s6__FI.json (923.7s): L(0.1)=16 L(2)=1
01:14:44 done LL__EQ__PPO__s6__FI.json (926.1s): L(0.1)=4 L(2)=0.25
01:15:04 done ZF__EQ__PPO__s6__NO2.json (933.3s): L(0.1)=0.25 L(2)=4
01:29:16 done FL__EQ__PPO__s7__FI.json (888.1s): L(0.1)=1 L(2)=1
01:29:33 done LL__EQ__PPO__s7__FI.json (890.7s): L(0.1)=16 L(2)=16
01:29:35 done FL__EQ__PPO__s7__NO2.json (895.0s): L(0.1)=0 L(2)=0
01:29:37 done ZF__EQ__PPO__s7__NO2.json (893.0s): L(0.1)=16 L(2)=4
01:29:41 done ZF__EQ__PPO__s7__FI.json (897.3s): L(0.1)=16 L(2)=0.25
01:29:42 done LL__EQ__PPO__s7__NO2.json (899.6s): L(0.1)=0.25 L(2)=4
01:30:00 done FL__EQ__PPO__s8__FI.json (896.7s): L(0.1)=16 L(2)=1
01:45:52 done FL__EQ__PPO__s8__NO2.json (995.3s): L(0.1)=0.25 L(2)=16
01:46:15 done LL__EQ__PPO__s8__FI.json (1002.0s): L(0.1)=16 L(2)=16
01:46:19 done ZF__EQ__PPO__s8__FI.json (1002.7s): L(0.1)=16 L(2)=1
01:46:20 done LL__EQ__PPO__s8__NO2.json (1005.1s): L(0.1)=16 L(2)=0.25
01:46:29 done ZF__EQ__PPO__s8__NO2.json (1008.3s): L(0.1)=0 L(2)=1
01:46:32 done FL__EQ__PPO__s9__FI.json (1009.7s): L(0.1)=4 L(2)=1
01:46:58 done FL__EQ__PPO__s9__NO2.json (1017.7s): L(0.1)=4 L(2)=0.25
01:58:21 done LL__EQ__PPO__s9__FI.json (749.7s): L(0.1)=1 L(2)=0
01:58:37 done LL__EQ__PPO__s9__NO2.json (741.9s): L(0.1)=0.25 L(2)=0.25
01:58:40 done ZF__EQ__PPO__s9__FI.json (740.8s): L(0.1)=16 L(2)=1
01:58:40 done ZF__EQ__PPO__s9__NO2.json (740.0s): L(0.1)=0 L(2)=0.25
