60 jobs, 7 complete, running 53 with 7 workers
10:59:16 done ZF__FULL__PPO__s0__DK2.json (1049.4s): L(0.1)=9.4829 L(2)=4.91765
10:59:18 done FL__FULL__PPO__s0__DK2.json (1051.8s): L(0.1)=8.97277 L(2)=12.711
10:59:18 done LL__FULL__PPO__s0__DK1.json (1051.9s): L(0.1)=7.77016 L(2)=6.03105
10:59:19 done FL__EQ__PPO__s1__DK1.json (1053.0s): L(0.1)=4 L(2)=4
10:59:24 done LL__FULL__PPO__s0__DK2.json (1057.4s): L(0.1)=9.67969 L(2)=9.53945
10:59:26 done FL__EQ__PPO__s1__DK2.json (1059.1s): L(0.1)=0.25 L(2)=0.25
10:59:29 done ZF__FULL__PPO__s0__DK1.json (1062.4s): L(0.1)=12.0438 L(2)=8.10288
11:16:32 done LL__EQ__PPO__s1__DK1.json (1036.5s): L(0.1)=0.25 L(2)=0.25
11:16:33 done ZF__EQ__PPO__s1__DK1.json (1034.9s): L(0.1)=16 L(2)=0.25
11:16:42 done ZF__EQ__PPO__s1__DK2.json (1042.4s): L(0.1)=16 L(2)=16
11:16:47 done FL__FULL__PPO__s1__DK1.json (1043.5s): L(0.1)=7.16154 L(2)=5.34582
11:16:50 done FL__FULL__PPO__s1__DK2.json (1044.3s): L(0.1)=6.30369 L(2)=10.0477
11:16:52 done LL__EQ__PPO__s1__DK2.json (1053.7s): L(0.1)=1 L(2)=1
11:17:01 done LL__FULL__PPO__s1__DK1.json (1052.5s): L(0.1)=9.92453 L(2)=7.29442
11:33:32 done ZF__FULL__PPO__s1__DK1.json (1019.0s): L(0.1)=10.9144 L(2)=2.96666
11:33:36 done LL__FULL__PPO__s1__DK2.json (1023.5s): L(0.1)=7.87218 L(2)=6.8013
11:33:59 done ZF__FULL__PPO__s1__DK2.json (1036.8s): L(0.1)=13.0103 L(2)=8.57012
11:33:59 done FL__EQ__PPO__s2__DK2.json (1029.3s): L(0.1)=0.25 L(2)=0.25
11:34:00 done LL__EQ__PPO__s2__DK1.json (1028.0s): L(0.1)=1 L(2)=1
11:34:01 done FL__EQ__PPO__s2__DK1.json (1033.5s): L(0.1)=4 L(2)=4
11:34:25 done LL__EQ__PPO__s2__DK2.json (1043.7s): L(0.1)=0.25 L(2)=4
11:50:06 done ZF__EQ__PPO__s2__DK1.json (993.3s): L(0.1)=16 L(2)=0.25
11:50:12 done ZF__EQ__PPO__s2__DK2.json (996.4s): L(0.1)=16 L(2)=0
11:50:17 done FL__FULL__PPO__s2__DK2.json (978.1s): L(0.1)=9.26786 L(2)=12.252
11:50:21 done LL__FULL__PPO__s2__DK2.json (980.5s): L(0.1)=4.27703 L(2)=3.96188
11:50:25 done FL__FULL__PPO__s2__DK1.json (986.5s): L(0.1)=6.47392 L(2)=4.99083
11:50:28 done LL__FULL__PPO__s2__DK1.json (987.6s): L(0.1)=7.12849 L(2)=7.44708
11:50:47 done ZF__FULL__PPO__s2__DK1.json (982.3s): L(0.1)=12.1259 L(2)=10.6347
12:03:55 done ZF__FULL__PPO__s2__DK2.json (829.5s): L(0.1)=10.7607 L(2)=7.61989
12:04:02 done FL__EQ__PPO__s3__DK2.json (824.6s): L(0.1)=4 L(2)=4
12:04:05 done FL__EQ__PPO__s3__DK1.json (832.3s): L(0.1)=16 L(2)=1
12:04:12 done LL__EQ__PPO__s3__DK1.json (830.3s): L(0.1)=4 L(2)=1
12:04:13 done ZF__EQ__PPO__s3__DK1.json (825.3s): L(0.1)=16 L(2)=1
12:04:14 done LL__EQ__PPO__s3__DK2.json (829.2s): L(0.1)=16 L(2)=0.25
12:04:34 done ZF__EQ__PPO__s3__DK2.json (826.8s): L(0.1)=16 L(2)=1
12:18:15 done FL__FULL__PPO__s3__DK1.json (860.0s): L(0.1)=7.72096 L(2)=7.41078
12:18:22 done FL__FULL__PPO__s3__DK2.json (860.0s): L(0.1)=9.99761 L(2)=9.84209
12:18:30 done LL__FULL__PPO__s3__DK2.json (857.8s): L(0.1)=7.15906 L(2)=3.84391
12:18:31 done LL__FULL__PPO__s3__DK1.json (865.8s): L(0.1)=6.84648 L(2)=5.24121
12:18:38 done ZF__FULL__PPO__s3__DK1.json (865.0s): L(0.1)=13.8764 L(2)=6.4337
12:18:40 done ZF__FULL__PPO__s3__DK2.json (865.4s): L(0.1)=12.1567 L(2)=10.5579
12:19:00 done FL__EQ__PPO__s4__DK1.json (866.0s): L(0.1)=0.25 L(2)=0
12:31:44 done FL__EQ__PPO__s4__DK2.json (808.7s): L(0.1)=16 L(2)=1
12:31:53 done LL__EQ__PPO__s4__DK1.json (811.4s): L(0.1)=16 L(2)=0.25
12:32:02 done LL__EQ__PPO__s4__DK2.json (812.7s): L(0.1)=1 L(2)=0.25
12:32:06 done ZF__EQ__PPO__s4__DK1.json (815.1s): L(0.1)=16 L(2)=1
12:32:07 done ZF__EQ__PPO__s4__DK2.json (809.0s): L(0.1)=16 L(2)=16
12:32:09 done FL__FULL__PPO__s4__DK1.json (809.2s): L(0.1)=5.35537 L(2)=2.79929
12:32:23 done FL__FULL__PPO__s4__DK2.json (803.1s): L(0.1)=6.19182 L(2)=10.5722
12:42:07 done LL__FULL__PPO__s4__DK1.json (623.3s): L(0.1)=10.9493 L(2)=5.01194
12:42:13 done LL__FULL__PPO__s4__DK2.json (619.7s): L(0.1)=8.78267 L(2)=6.27226
12:42:18 done ZF__FULL__PPO__s4__DK1.json (616.3s): L(0.1)=11.5976 L(2)=5.64597
12:42:20 done ZF__FULL__PPO__s4__DK2.json (614.7s): L(0.1)=11.3236 L(2)=7.63823
