rules done: DK1 E1-small
rules done: DK1 E1-large
rules done: DK1 E2
rules done: DK1 E3
rules done: DK2 E1-small
rules done: DK2 E1-large
rules done: DK2 E2
rules done: DK2 E3
280 RL jobs, 0 complete, running 280 with 6 workers
11:17:27 done E1-small__S0__PPO__s2__DK1.json (701.9s)
11:17:29 done E1-small__S0__PPO__s2__DK2.json (703.6s)
11:17:29 done E1-small__S0__PPO__s0__DK2.json (703.2s)
11:17:30 done E1-small__S0__PPO__s0__DK1.json (705.0s)
11:17:32 done E1-small__S0__PPO__s1__DK1.json (706.2s)
11:17:33 done E1-small__S0__PPO__s1__DK2.json (706.9s)
11:25:07 done E1-small__S0__DQN__s0__DK2.json (454.1s)
11:25:09 done E1-small__S0__DQN__s0__DK1.json (456.9s)
11:28:47 done E1-small__S0__PPO__s3__DK1.json (679.9s)
11:28:48 done E1-small__S0__PPO__s3__DK2.json (679.0s)
11:28:53 done E1-small__S0__PPO__s4__DK1.json (683.8s)
11:28:57 done E1-small__S0__PPO__s4__DK2.json (686.6s)
11:32:43 done E1-small__S0__DQN__s1__DK1.json (456.0s)
11:32:48 done E1-small__S0__DQN__s1__DK2.json (459.3s)
11:36:15 done E1-small__S0__DQN__s2__DK1.json (447.2s)
11:36:16 done E1-small__S0__DQN__s2__DK2.json (447.8s)
11:36:18 done E1-small__S0__DQN__s3__DK1.json (445.5s)
11:36:23 done E1-small__S0__DQN__s3__DK2.json (446.0s)
11:39:56 done E1-small__S0__DQN__s4__DK1.json (433.0s)
11:40:03 done E1-small__S0__DQN__s4__DK2.json (434.6s)
11:48:26 done E1-small__S1__PPO__s0__DK2.json (730.5s)
11:48:32 done E1-small__S1__PPO__s0__DK1.json (737.2s)
11:48:40 done E1-small__S1__PPO__s1__DK1.json (741.4s)
11:48:44 done E1-small__S1__PPO__s1__DK2.json (740.9s)
11:52:58 done E1-small__S1__PPO__s2__DK1.json (782.2s)
11:53:11 done E1-small__S1__PPO__s2__DK2.json (788.2s)
12:00:09 done E1-small__S1__PPO__s3__DK1.json (702.9s)
12:00:12 done E1-small__S1__PPO__s3__DK2.json (700.2s)
12:00:24 done E1-small__S1__PPO__s4__DK2.json (700.7s)
12:00:26 done E1-small__S1__PPO__s4__DK1.json (705.7s)
12:00:30 done E1-small__S1__DQN__s0__DK1.json (451.8s)
12:00:36 done E1-small__S1__DQN__s0__DK2.json (444.5s)
12:07:11 done E1-small__S1__DQN__s1__DK1.json (421.7s)
12:07:13 done E1-small__S1__DQN__s1__DK2.json (420.8s)
12:07:25 done E1-small__S1__DQN__s2__DK1.json (420.9s)
12:07:26 done E1-small__S1__DQN__s2__DK2.json (420.9s)
12:07:30 done E1-small__S1__DQN__s3__DK1.json (420.2s)
12:07:35 done E1-small__S1__DQN__s3__DK2.json (419.6s)
12:14:04 done E1-small__S1__DQN__s4__DK1.json (413.6s)
12:14:06 done E1-small__S1__DQN__s4__DK2.json (412.8s)
12:17:40 done E1-small__S4__PPO__s0__DK1.json (614.5s)
12:17:43 done E1-small__S4__PPO__s0__DK2.json (616.6s)
12:17:48 done E1-small__S4__PPO__s1__DK1.json (618.2s)
12:17:50 done E1-small__S4__PPO__s1__DK2.json (615.0s)
12:24:33 done E1-small__S4__PPO__s2__DK1.json (629.0s)
12:24:36 done E1-small__S4__PPO__s2__DK2.json (630.6s)
12:28:04 done E1-small__S4__PPO__s3__DK2.json (620.8s)
12:28:04 done E1-small__S4__PPO__s3__DK1.json (624.2s)
12:28:12 done E1-small__S4__PPO__s4__DK1.json (623.4s)
12:28:13 done E1-small__S4__PPO__s4__DK2.json (623.0s)
12:31:06 done E1-small__S4__DQN__s0__DK1.json (393.0s)
12:31:08 done E1-small__S4__DQN__s0__DK2.json (392.3s)
12:34:42 done E1-small__S4__DQN__s1__DK1.json (398.3s)
12:34:43 done E1-small__S4__DQN__s1__DK2.json (399.4s)
12:34:48 done E1-small__S4__DQN__s2__DK1.json (396.8s)
12:34:50 done E1-small__S4__DQN__s2__DK2.json (397.3s)
12:37:42 done E1-small__S4__DQN__s3__DK1.json (396.0s)
12:37:45 done E1-small__S4__DQN__s3__DK2.json (396.7s)
12:41:15 done E1-small__S4__DQN__s4__DK1.json (393.0s)
12:41:18 done E1-small__S4__DQN__s4__DK2.json (395.2s)
12:45:01 done E1-large__S0__PPO__s0__DK1.json (612.3s)
12:45:07 done E1-large__S0__PPO__s0__DK2.json (616.7s)
12:47:58 done E1-large__S0__PPO__s1__DK1.json (615.8s)
12:48:06 done E1-large__S0__PPO__s1__DK2.json (621.1s)
12:52:40 done E1-large__S0__PPO__s2__DK1.json (685.1s)
12:52:51 done E1-large__S0__PPO__s2__DK2.json (692.4s)
12:56:36 done E1-large__S0__PPO__s3__DK1.json (694.9s)
12:56:44 done E1-large__S0__PPO__s3__DK2.json (697.1s)
12:59:44 done E1-large__S0__PPO__s4__DK1.json (705.6s)
13:00:01 done E1-large__S0__PPO__s4__DK2.json (714.5s)
13:00:06 done E1-large__S0__DQN__s0__DK1.json (446.1s)
13:00:20 done E1-large__S0__DQN__s0__DK2.json (448.8s)
13:04:30 done E1-large__S0__DQN__s1__DK1.json (474.6s)
13:04:42 done E1-large__S0__DQN__s1__DK2.json (477.3s)
13:08:11 done E1-large__S0__DQN__s2__DK1.json (507.2s)
13:08:25 done E1-large__S0__DQN__s2__DK2.json (504.5s)
13:08:36 done E1-large__S0__DQN__s3__DK1.json (509.6s)
13:08:49 done E1-large__S0__DQN__s3__DK2.json (509.2s)
13:13:01 done E1-large__S0__DQN__s4__DK1.json (511.0s)
13:13:14 done E1-large__S0__DQN__s4__DK2.json (512.4s)
13:20:48 done E1-large__S1__PPO__s0__DK1.json (757.2s)
13:20:59 done E1-large__S1__PPO__s0__DK2.json (753.4s)
13:21:16 done E1-large__S1__PPO__s1__DK1.json (760.0s)
13:21:37 done E1-large__S1__PPO__s1__DK2.json (768.1s)
13:25:02 done E1-large__S1__PPO__s2__DK1.json (720.4s)
13:25:09 done E1-large__S1__PPO__s2__DK2.json (715.4s)
13:31:56 done E1-large__S1__PPO__s3__DK1.json (668.2s)
13:32:13 done E1-large__S1__PPO__s3__DK2.json (673.8s)
13:32:27 done E1-large__S1__PPO__s4__DK1.json (671.0s)
13:32:44 done E1-large__S1__DQN__s0__DK1.json (462.2s)
13:32:50 done E1-large__S1__PPO__s4__DK2.json (673.4s)
13:32:53 done E1-large__S1__DQN__s0__DK2.json (463.8s)
13:39:16 done E1-large__S1__DQN__s1__DK1.json (439.2s)
13:39:36 done E1-large__S1__DQN__s1__DK2.json (443.1s)
13:39:48 done E1-large__S1__DQN__s2__DK1.json (441.1s)
13:40:11 done E1-large__S1__DQN__s2__DK2.json (446.8s)
13:40:23 done E1-large__S1__DQN__s3__DK1.json (452.2s)
13:40:29 done E1-large__S1__DQN__s3__DK2.json (455.5s)
13:47:00 done E1-large__S1__DQN__s4__DK1.json (464.2s)
13:47:26 done E1-large__S1__DQN__s4__DK2.json (470.2s)
13:52:01 done E1-large__S4__PPO__s0__DK1.json (733.4s)
13:52:20 done E1-large__S4__PPO__s0__DK2.json (729.5s)
13:52:37 done E1-large__S4__PPO__s1__DK1.json (734.2s)
13:52:41 done E1-large__S4__PPO__s1__DK2.json (732.7s)
13:59:07 done E1-large__S4__PPO__s2__DK1.json (726.9s)
13:59:34 done E1-large__S4__PPO__s2__DK2.json (728.3s)
14:03:30 done E1-large__S4__PPO__s3__DK1.json (689.0s)
14:03:47 done E1-large__S4__PPO__s3__DK2.json (686.4s)
14:04:03 done E1-large__S4__PPO__s4__DK1.json (686.0s)
14:04:08 done E1-large__S4__PPO__s4__DK2.json (686.7s)
14:06:45 done E1-large__S4__DQN__s0__DK1.json (458.7s)
14:07:09 done E1-large__S4__DQN__s0__DK2.json (454.9s)
14:11:37 done E1-large__S4__DQN__s1__DK1.json (486.5s)
14:11:52 done E1-large__S4__DQN__s1__DK2.json (485.9s)
14:12:17 done E1-large__S4__DQN__s2__DK1.json (494.0s)
14:12:21 done E1-large__S4__DQN__s2__DK2.json (492.6s)
14:14:52 done E1-large__S4__DQN__s3__DK1.json (486.9s)
14:15:14 done E1-large__S4__DQN__s3__DK2.json (485.0s)
14:19:42 done E1-large__S4__DQN__s4__DK1.json (485.4s)
14:20:00 done E1-large__S4__DQN__s4__DK2.json (487.4s)
14:24:34 done E2__S0__PPO__s0__DK1.json (736.6s)
14:24:36 done E2__S0__PPO__s0__DK2.json (735.3s)
14:27:16 done E2__S0__PPO__s1__DK1.json (743.6s)
14:27:41 done E2__S0__PPO__s1__DK2.json (746.6s)
14:32:10 done E2__S0__PPO__s2__DK1.json (747.5s)
14:32:21 done E2__S0__PPO__s2__DK2.json (740.7s)
14:37:26 done E2__S0__PPO__s3__DK1.json (772.3s)
14:37:27 done E2__S0__PPO__s3__DK2.json (771.4s)
14:39:47 done E2__S0__PPO__s4__DK1.json (751.6s)
14:40:22 done E2__S0__PPO__s4__DK2.json (761.1s)
14:40:34 done E2__S0__DQN__s0__DK1.json (504.0s)
14:40:47 done E2__S0__DQN__s0__DK2.json (506.5s)
14:45:36 done E2__S0__DQN__s1__DK1.json (490.4s)
14:45:38 done E2__S0__DQN__s1__DK2.json (490.6s)
14:47:56 done E2__S0__DQN__s2__DK1.json (488.1s)
14:48:30 done E2__S0__DQN__s2__DK2.json (487.9s)
14:48:36 done E2__S0__DQN__s3__DK1.json (482.1s)
14:48:51 done E2__S0__DQN__s3__DK2.json (483.5s)
14:53:56 done E2__S0__DQN__s4__DK2.json (498.2s)
14:53:56 done E2__S0__DQN__s4__DK1.json (500.1s)
15:00:34 done E2__S1__PPO__s0__DK1.json (758.8s)
15:01:15 done E2__S1__PPO__s0__DK2.json (765.5s)
15:01:18 done E2__S1__PPO__s1__DK1.json (762.3s)
15:01:29 done E2__S1__PPO__s1__DK2.json (758.8s)
15:06:51 done E2__S1__PPO__s2__DK2.json (774.5s)
15:06:55 done E2__S1__PPO__s2__DK1.json (778.9s)
15:13:09 done E2__S1__PPO__s3__DK1.json (754.8s)
15:13:59 done E2__S1__PPO__s4__DK1.json (760.8s)
15:13:59 done E2__S1__PPO__s3__DK2.json (764.0s)
15:14:13 done E2__S1__PPO__s4__DK2.json (763.5s)
15:15:44 done E2__S1__DQN__s0__DK1.json (533.0s)
15:15:50 done E2__S1__DQN__s0__DK2.json (535.3s)
15:22:25 done E2__S1__DQN__s1__DK1.json (555.7s)
15:23:10 done E2__S1__DQN__s1__DK2.json (550.8s)
15:23:16 done E2__S1__DQN__s2__DK1.json (556.9s)
15:23:18 done E2__S1__DQN__s2__DK2.json (545.5s)
15:24:36 done E2__S1__DQN__s3__DK1.json (532.7s)
15:24:36 done E2__S1__DQN__s3__DK2.json (526.1s)
15:30:20 done E2__S1__DQN__s4__DK1.json (475.3s)
15:31:02 done E2__S1__DQN__s4__DK2.json (471.7s)
15:35:33 done E2__S2__PPO__s0__DK2.json (734.7s)
15:35:35 done E2__S2__PPO__s0__DK1.json (738.3s)
15:36:42 done E2__S2__PPO__s1__DK2.json (725.4s)
15:36:55 done E2__S2__PPO__s1__DK1.json (738.1s)
15:42:45 done E2__S2__PPO__s2__DK1.json (744.8s)
15:43:35 done E2__S2__PPO__s2__DK2.json (753.7s)
15:48:11 done E2__S2__PPO__s3__DK1.json (757.5s)
15:48:21 done E2__S2__PPO__s3__DK2.json (766.0s)
15:49:28 done E2__S2__PPO__s4__DK1.json (765.7s)
15:49:46 done E2__S2__PPO__s4__DK2.json (771.3s)
15:51:31 done E2__S2__DQN__s0__DK1.json (526.1s)
15:52:12 done E2__S2__DQN__s0__DK2.json (516.5s)
15:56:46 done E2__S2__DQN__s1__DK1.json (515.4s)
15:56:55 done E2__S2__DQN__s1__DK2.json (514.0s)
15:58:03 done E2__S2__DQN__s2__DK1.json (515.5s)
15:58:22 done E2__S2__DQN__s2__DK2.json (516.5s)
16:00:00 done E2__S2__DQN__s3__DK1.json (509.3s)
16:00:44 done E2__S2__DQN__s3__DK2.json (512.2s)
16:05:12 done E2__S2__DQN__s4__DK1.json (505.7s)
16:05:22 done E2__S2__DQN__s4__DK2.json (507.9s)
16:10:29 done E2__S3__PPO__s0__DK1.json (746.3s)
16:10:51 done E2__S3__PPO__s0__DK2.json (748.6s)
16:12:27 done E2__S3__PPO__s1__DK1.json (746.4s)
16:13:09 done E2__S3__PPO__s1__DK2.json (745.0s)
16:17:25 done E2__S3__PPO__s2__DK1.json (733.1s)
16:17:42 done E2__S3__PPO__s2__DK2.json (739.5s)
16:23:02 done E2__S3__PPO__s3__DK1.json (753.0s)
16:23:19 done E2__S3__PPO__s3__DK2.json (747.7s)
16:24:56 done E2__S3__PPO__s4__DK1.json (748.9s)
16:25:36 done E2__S3__PPO__s4__DK2.json (746.7s)
16:25:49 done E2__S3__DQN__s0__DK1.json (503.8s)
16:26:05 done E2__S3__DQN__s0__DK2.json (503.2s)
16:31:27 done E2__S3__DQN__s1__DK1.json (504.1s)
16:31:46 done E2__S3__DQN__s1__DK2.json (507.4s)
16:33:16 done E2__S3__DQN__s2__DK1.json (500.1s)
16:33:59 done E2__S3__DQN__s2__DK2.json (503.5s)
16:34:14 done E2__S3__DQN__s3__DK1.json (505.4s)
16:34:29 done E2__S3__DQN__s3__DK2.json (503.6s)
16:39:49 done E2__S3__DQN__s4__DK1.json (502.8s)
16:40:12 done E2__S3__DQN__s4__DK2.json (505.5s)
16:45:54 done E2__S4__PPO__s0__DK1.json (758.4s)
16:46:37 done E2__S4__PPO__s0__DK2.json (758.3s)
16:46:48 done E2__S4__PPO__s1__DK1.json (753.7s)
16:47:02 done E2__S4__PPO__s1__DK2.json (753.4s)
16:52:29 done E2__S4__PPO__s2__DK1.json (759.8s)
16:52:54 done E2__S4__PPO__s2__DK2.json (762.8s)
16:58:32 done E2__S4__PPO__s3__DK1.json (758.0s)
16:59:18 done E2__S4__PPO__s3__DK2.json (760.7s)
16:59:28 done E2__S4__PPO__s4__DK1.json (760.6s)
16:59:49 done E2__S4__PPO__s4__DK2.json (766.8s)
17:01:03 done E2__S4__DQN__s0__DK1.json (514.0s)
17:01:30 done E2__S4__DQN__s0__DK2.json (515.1s)
17:07:09 done E2__S4__DQN__s1__DK1.json (516.4s)
17:07:54 done E2__S4__DQN__s1__DK2.json (515.5s)
17:08:06 done E2__S4__DQN__s2__DK1.json (517.5s)
17:08:24 done E2__S4__DQN__s2__DK2.json (514.7s)
17:09:36 done E2__S4__DQN__s3__DK1.json (513.3s)
17:10:08 done E2__S4__DQN__s3__DK2.json (518.3s)
17:15:41 done E2__S4__DQN__s4__DK1.json (512.5s)
17:16:27 done E2__S4__DQN__s4__DK2.json (513.5s)
17:20:51 done E2__S5__PPO__s0__DK1.json (765.2s)
17:21:09 done E2__S5__PPO__s0__DK2.json (764.8s)
17:22:17 done E2__S5__PPO__s1__DK1.json (760.5s)
17:22:52 done E2__S5__PPO__s1__DK2.json (764.4s)
17:28:15 done E2__S5__PPO__s2__DK1.json (753.6s)
17:28:57 done E2__S5__PPO__s2__DK2.json (749.9s)
17:33:31 done E2__S5__PPO__s3__DK1.json (760.2s)
17:33:52 done E2__S5__PPO__s3__DK2.json (762.9s)
17:35:03 done E2__S5__PPO__s4__DK1.json (765.7s)
17:35:41 done E2__S5__PPO__s4__DK2.json (768.5s)
17:36:59 done E2__S5__DQN__s0__DK1.json (524.0s)
17:37:41 done E2__S5__DQN__s0__DK2.json (524.4s)
17:42:13 done E2__S5__DQN__s1__DK1.json (522.2s)
17:42:31 done E2__S5__DQN__s1__DK2.json (519.7s)
17:43:41 done E2__S5__DQN__s2__DK1.json (518.1s)
17:44:21 done E2__S5__DQN__s2__DK2.json (520.6s)
17:45:39 done E2__S5__DQN__s3__DK1.json (520.2s)
17:46:17 done E2__S5__DQN__s3__DK2.json (515.1s)
17:50:53 done E2__S5__DQN__s4__DK1.json (519.8s)
17:51:08 done E2__S5__DQN__s4__DK2.json (516.7s)
17:56:19 done E3__S0__PPO__s0__DK1.json (758.7s)
17:56:56 done E3__S0__PPO__s0__DK2.json (754.8s)
17:58:11 done E3__S0__PPO__s1__DK1.json (752.2s)
17:58:53 done E3__S0__PPO__s1__DK2.json (756.9s)
18:03:20 done E3__S0__PPO__s2__DK1.json (746.6s)
18:03:42 done E3__S0__PPO__s2__DK2.json (754.4s)
18:08:53 done E3__S0__PPO__s3__DK1.json (753.1s)
18:09:30 done E3__S0__PPO__s3__DK2.json (754.3s)
18:10:48 done E3__S0__PPO__s4__DK1.json (756.7s)
18:11:31 done E3__S0__PPO__s4__DK2.json (757.2s)
18:11:52 done E3__S0__DQN__s0__DK1.json (512.2s)
18:12:14 done E3__S0__DQN__s0__DK2.json (511.1s)
18:17:26 done E3__S0__DQN__s1__DK1.json (513.9s)
18:18:02 done E3__S0__DQN__s1__DK2.json (511.9s)
18:19:17 done E3__S0__DQN__s2__DK1.json (508.4s)
18:20:03 done E3__S0__DQN__s2__DK2.json (512.3s)
18:20:24 done E3__S0__DQN__s3__DK1.json (512.4s)
18:20:45 done E3__S0__DQN__s3__DK2.json (511.3s)
18:26:01 done E3__S0__DQN__s4__DK1.json (514.1s)
18:26:37 done E3__S0__DQN__s4__DK2.json (514.2s)
18:31:55 done E3__S4__PPO__s0__DK1.json (758.2s)
18:32:38 done E3__S4__PPO__s0__DK2.json (754.6s)
18:32:59 done E3__S4__PPO__s1__DK1.json (754.8s)
18:33:20 done E3__S4__PPO__s1__DK2.json (754.9s)
18:38:30 done E3__S4__PPO__s2__DK1.json (749.5s)
18:39:08 done E3__S4__PPO__s2__DK2.json (751.0s)
18:44:24 done E3__S4__PPO__s3__DK1.json (749.2s)
18:45:13 done E3__S4__PPO__s3__DK2.json (755.3s)
18:45:30 done E3__S4__PPO__s4__DK1.json (750.7s)
18:45:55 done E3__S4__PPO__s4__DK2.json (754.9s)
18:47:02 done E3__S4__DQN__s0__DK1.json (512.3s)
18:47:40 done E3__S4__DQN__s0__DK2.json (512.6s)
18:53:11 done E3__S4__DQN__s1__DK1.json (526.5s)
18:53:54 done E3__S4__DQN__s1__DK2.json (521.2s)
18:54:14 done E3__S4__DQN__s2__DK1.json (523.7s)
18:54:33 done E3__S4__DQN__s2__DK2.json (518.2s)
18:55:36 done E3__S4__DQN__s3__DK1.json (513.7s)
18:56:02 done E3__S4__DQN__s3__DK2.json (501.8s)
18:59:44 done E3__S4__DQN__s4__DK1.json (393.4s)
19:00:11 done E3__S4__DQN__s4__DK2.json (377.1s)
