40 jobs, 0 complete, running 40 with 7 workers
13:48:32 done ZF__EQ__PPO__s0__DK1.json (993.1s): L(0.1)=0 L(2)=0
13:48:35 done ZF__EQ__PPO__s0__DK2.json (995.9s): L(0.1)=0 L(2)=0
13:48:36 done FL__EQ__PPO__s0__DK2.json (996.9s): L(0.1)=0.25 L(2)=0.25
13:48:37 done FL__FULL__PPO__s0__DK1.json (997.5s): L(0.1)=0.101834 L(2)=0.0909438
13:48:41 done FL__FULL__PPO__s0__DK2.json (1001.6s): L(0.1)=0.321456 L(2)=0.235671
13:48:43 done ZF__FULL__PPO__s0__DK1.json (1003.3s): L(0.1)=0.339606 L(2)=0.307509
13:48:45 done FL__EQ__PPO__s0__DK1.json (1006.6s): L(0.1)=0.25 L(2)=0.25
14:01:59 done ZF__FULL__PPO__s0__DK2.json (806.7s): L(0.1)=0.221532 L(2)=0.14081
14:02:03 done FL__EQ__PPO__s1__DK1.json (808.2s): L(0.1)=0.25 L(2)=0.25
14:02:04 done FL__EQ__PPO__s1__DK2.json (808.3s): L(0.1)=0 L(2)=0.25
14:02:08 done ZF__EQ__PPO__s1__DK2.json (807.1s): L(0.1)=0.25 L(2)=0.25
14:02:08 done ZF__EQ__PPO__s1__DK1.json (811.4s): L(0.1)=0 L(2)=0
14:02:12 done FL__FULL__PPO__s1__DK1.json (809.6s): L(0.1)=0.165934 L(2)=0.14807
14:02:15 done FL__FULL__PPO__s1__DK2.json (810.8s): L(0.1)=0.177398 L(2)=0.124761
14:14:56 done ZF__FULL__PPO__s1__DK1.json (777.1s): L(0.1)=0.412591 L(2)=0.266622
14:15:04 done FL__EQ__PPO__s2__DK2.json (776.4s): L(0.1)=0 L(2)=0
14:15:05 done FL__EQ__PPO__s2__DK1.json (781.5s): L(0.1)=0.25 L(2)=0.25
14:15:06 done ZF__FULL__PPO__s1__DK2.json (782.5s): L(0.1)=0.471532 L(2)=0.38995
14:15:11 done ZF__EQ__PPO__s2__DK1.json (782.6s): L(0.1)=0.25 L(2)=0.25
14:15:14 done ZF__EQ__PPO__s2__DK2.json (781.9s): L(0.1)=0 L(2)=0.25
14:15:17 done FL__FULL__PPO__s2__DK1.json (781.7s): L(0.1)=0.331009 L(2)=0.311903
14:28:10 done FL__FULL__PPO__s2__DK2.json (794.0s): L(0.1)=0.317253 L(2)=0.221341
14:28:21 done ZF__FULL__PPO__s2__DK1.json (796.1s): L(0.1)=0.418705 L(2)=0.25172
14:28:26 done ZF__FULL__PPO__s2__DK2.json (800.5s): L(0.1)=0.431888 L(2)=0.199274
14:28:26 done FL__EQ__PPO__s3__DK1.json (800.7s): L(0.1)=0 L(2)=0
14:28:30 done FL__EQ__PPO__s3__DK2.json (798.9s): L(0.1)=0 L(2)=0
14:28:35 done ZF__EQ__PPO__s3__DK1.json (800.4s): L(0.1)=0.25 L(2)=0.25
14:28:39 done ZF__EQ__PPO__s3__DK2.json (801.6s): L(0.1)=0.25 L(2)=0.25
14:41:04 done FL__FULL__PPO__s3__DK1.json (774.6s): L(0.1)=0.335308 L(2)=0.276366
14:41:11 done FL__FULL__PPO__s3__DK2.json (770.1s): L(0.1)=0.241593 L(2)=0.191536
14:41:25 done ZF__FULL__PPO__s3__DK1.json (778.7s): L(0.1)=0.78162 L(2)=0.296618
14:41:27 done ZF__FULL__PPO__s3__DK2.json (780.3s): L(0.1)=0.378964 L(2)=0.246943
14:41:28 done FL__EQ__PPO__s4__DK1.json (777.8s): L(0.1)=0 L(2)=0
14:41:30 done FL__EQ__PPO__s4__DK2.json (774.8s): L(0.1)=0.25 L(2)=0.25
14:41:37 done ZF__EQ__PPO__s4__DK1.json (778.2s): L(0.1)=0 L(2)=0
14:50:49 done ZF__EQ__PPO__s4__DK2.json (585.0s): L(0.1)=0 L(2)=0.25
14:51:11 done ZF__FULL__PPO__s4__DK2.json (582.9s): L(0.1)=0.294612 L(2)=0.252866
14:51:13 done ZF__FULL__PPO__s4__DK1.json (586.7s): L(0.1)=0.461693 L(2)=0.456439
14:51:26 done FL__FULL__PPO__s4__DK1.json (615.0s): L(0.1)=0.236626 L(2)=0.251146
14:51:33 done FL__FULL__PPO__s4__DK2.json (608.5s): L(0.1)=0.364922 L(2)=0.262228
