90 jobs, 0 complete, running 90 with 7 workers
20:47:04 done ZF__EQ__A2C-n256__s0__DK1.json (639.4s): L(0.1)=16 L(2)=16
20:47:04 done FL__EQ__A2C-n256__s0__DK1.json (640.3s): L(0.1)=0.25 L(2)=0.25
20:47:08 done ZF__EQ__A2C-n256__s0__DK2.json (643.5s): L(0.1)=16 L(2)=1
20:47:09 done FL__EQ__A2C-n256__s0__DK2.json (645.5s): L(0.1)=0.25 L(2)=0.25
20:47:11 done LL__EQ__A2C-n256__s0__DK1.json (647.0s): L(0.1)=16 L(2)=0.25
20:47:12 done LL__EQ__A2C-n256__s0__DK2.json (647.8s): L(0.1)=4 L(2)=4
20:47:15 done FL__EQ__A2C-n64__s0__DK1.json (650.6s): L(0.1)=4 L(2)=4
20:54:50 done LL__EQ__A2C-n64__s0__DK1.json (465.6s): L(0.1)=0.25 L(2)=0.25
20:54:52 done FL__EQ__A2C-n64__s0__DK2.json (467.8s): L(0.1)=0.25 L(2)=0.25
20:54:57 done LL__EQ__A2C-n64__s0__DK2.json (468.7s): L(0.1)=4 L(2)=4
20:54:59 done ZF__EQ__A2C-n64__s0__DK1.json (469.8s): L(0.1)=16 L(2)=1
20:55:04 done ZF__EQ__A2C-n64__s0__DK2.json (472.5s): L(0.1)=4 L(2)=4
20:55:20 done FL__EQ__DQN-default__s0__DK1.json (487.8s): L(0.1)=0.25 L(2)=0.25
20:55:23 done FL__EQ__DQN-default__s0__DK2.json (487.7s): L(0.1)=16 L(2)=1
21:02:30 done FL__EQ__A2C-n256__s1__DK1.json (445.9s): L(0.1)=0.25 L(2)=0.25
21:02:46 done FL__EQ__A2C-n256__s1__DK2.json (446.0s): L(0.1)=0 L(2)=1
21:02:47 done LL__EQ__DQN-default__s0__DK1.json (477.1s): L(0.1)=0 L(2)=0
21:02:48 done LL__EQ__DQN-default__s0__DK2.json (476.4s): L(0.1)=1 L(2)=16
21:02:49 done LL__EQ__A2C-n256__s1__DK1.json (446.3s): L(0.1)=1 L(2)=1
21:02:56 done ZF__EQ__DQN-default__s0__DK1.json (479.5s): L(0.1)=16 L(2)=16
21:02:57 done ZF__EQ__DQN-default__s0__DK2.json (478.6s): L(0.1)=16 L(2)=16
21:09:47 done LL__EQ__A2C-n256__s1__DK2.json (437.0s): L(0.1)=16 L(2)=16
21:10:03 done ZF__EQ__A2C-n256__s1__DK1.json (437.5s): L(0.1)=16 L(2)=16
21:10:04 done ZF__EQ__A2C-n256__s1__DK2.json (437.7s): L(0.1)=16 L(2)=16
21:10:17 done FL__EQ__A2C-n64__s1__DK2.json (448.0s): L(0.1)=1 L(2)=1
21:10:20 done FL__EQ__A2C-n64__s1__DK1.json (451.6s): L(0.1)=1 L(2)=1
21:10:24 done LL__EQ__A2C-n64__s1__DK1.json (447.9s): L(0.1)=16 L(2)=16
21:10:29 done LL__EQ__A2C-n64__s1__DK2.json (451.4s): L(0.1)=4 L(2)=4
21:17:28 done ZF__EQ__A2C-n64__s1__DK1.json (461.7s): L(0.1)=16 L(2)=16
21:17:42 done ZF__EQ__A2C-n64__s1__DK2.json (458.7s): L(0.1)=16 L(2)=16
21:17:57 done FL__EQ__DQN-default__s1__DK1.json (472.8s): L(0.1)=16 L(2)=1
21:18:09 done FL__EQ__DQN-default__s1__DK2.json (471.8s): L(0.1)=1 L(2)=16
21:18:17 done LL__EQ__DQN-default__s1__DK1.json (477.1s): L(0.1)=4 L(2)=4
21:18:20 done LL__EQ__DQN-default__s1__DK2.json (475.8s): L(0.1)=4 L(2)=4
21:18:23 done ZF__EQ__DQN-default__s1__DK1.json (474.5s): L(0.1)=16 L(2)=16
21:25:00 done FL__EQ__A2C-n256__s2__DK1.json (437.7s): L(0.1)=16 L(2)=4
21:25:11 done FL__EQ__A2C-n256__s2__DK2.json (433.7s): L(0.1)=16 L(2)=16
21:25:26 done ZF__EQ__DQN-default__s1__DK2.json (477.7s): L(0.1)=16 L(2)=0.25
21:25:26 done LL__EQ__A2C-n256__s2__DK1.json (436.8s): L(0.1)=16 L(2)=16
21:25:40 done LL__EQ__A2C-n256__s2__DK2.json (443.5s): L(0.1)=0.25 L(2)=0.25
21:25:43 done ZF__EQ__A2C-n256__s2__DK1.json (443.2s): L(0.1)=16 L(2)=1
21:25:45 done ZF__EQ__A2C-n256__s2__DK2.json (442.0s): L(0.1)=16 L(2)=0
21:32:33 done FL__EQ__A2C-n64__s2__DK1.json (453.3s): L(0.1)=1 L(2)=1
21:32:43 done FL__EQ__A2C-n64__s2__DK2.json (452.0s): L(0.1)=4 L(2)=1
21:33:00 done LL__EQ__A2C-n64__s2__DK1.json (453.7s): L(0.1)=16 L(2)=16
21:33:00 done LL__EQ__A2C-n64__s2__DK2.json (454.2s): L(0.1)=0.25 L(2)=0.25
21:33:18 done ZF__EQ__A2C-n64__s2__DK1.json (457.3s): L(0.1)=16 L(2)=16
21:33:20 done ZF__EQ__A2C-n64__s2__DK2.json (457.1s): L(0.1)=16 L(2)=0.25
21:33:42 done FL__EQ__DQN-default__s2__DK1.json (476.5s): L(0.1)=0 L(2)=1
21:40:33 done FL__EQ__DQN-default__s2__DK2.json (480.1s): L(0.1)=16 L(2)=0
21:40:44 done LL__EQ__DQN-default__s2__DK1.json (481.6s): L(0.1)=4 L(2)=4
21:40:56 done FL__EQ__A2C-n256__s3__DK1.json (455.1s): L(0.1)=4 L(2)=4
21:41:04 done ZF__EQ__DQN-default__s2__DK1.json (483.3s): L(0.1)=16 L(2)=0.25
21:41:04 done LL__EQ__DQN-default__s2__DK2.json (484.2s): L(0.1)=4 L(2)=4
21:41:16 done FL__EQ__A2C-n256__s3__DK2.json (454.7s): L(0.1)=0 L(2)=1
21:41:21 done ZF__EQ__DQN-default__s2__DK2.json (483.9s): L(0.1)=16 L(2)=1
21:47:55 done LL__EQ__A2C-n256__s3__DK1.json (442.2s): L(0.1)=1 L(2)=1
21:48:03 done LL__EQ__A2C-n256__s3__DK2.json (438.5s): L(0.1)=16 L(2)=1
21:48:16 done ZF__EQ__A2C-n256__s3__DK1.json (440.6s): L(0.1)=16 L(2)=1
21:48:21 done ZF__EQ__A2C-n256__s3__DK2.json (437.9s): L(0.1)=16 L(2)=1
21:48:37 done FL__EQ__A2C-n64__s3__DK1.json (452.9s): L(0.1)=1 L(2)=1
21:48:46 done FL__EQ__A2C-n64__s3__DK2.json (449.8s): L(0.1)=0.25 L(2)=0.25
21:48:53 done LL__EQ__A2C-n64__s3__DK1.json (452.0s): L(0.1)=16 L(2)=1
21:55:36 done LL__EQ__A2C-n64__s3__DK2.json (460.5s): L(0.1)=0.25 L(2)=4
21:55:41 done ZF__EQ__A2C-n64__s3__DK1.json (457.8s): L(0.1)=16 L(2)=0
21:55:57 done ZF__EQ__A2C-n64__s3__DK2.json (461.0s): L(0.1)=16 L(2)=4
21:56:15 done FL__EQ__DQN-default__s3__DK1.json (473.5s): L(0.1)=4 L(2)=4
21:56:33 done FL__EQ__DQN-default__s3__DK2.json (476.4s): L(0.1)=4 L(2)=16
21:56:44 done LL__EQ__DQN-default__s3__DK1.json (477.3s): L(0.1)=16 L(2)=4
21:56:50 done LL__EQ__DQN-default__s3__DK2.json (476.4s): L(0.1)=16 L(2)=16
22:03:19 done FL__EQ__A2C-n256__s4__DK1.json (442.3s): L(0.1)=4 L(2)=16
22:03:32 done ZF__EQ__DQN-default__s3__DK1.json (476.0s): L(0.1)=16 L(2)=16
22:03:34 done FL__EQ__A2C-n256__s4__DK2.json (439.5s): L(0.1)=4 L(2)=4
22:03:35 done ZF__EQ__DQN-default__s3__DK2.json (474.3s): L(0.1)=16 L(2)=4
22:03:57 done LL__EQ__A2C-n256__s4__DK1.json (444.0s): L(0.1)=16 L(2)=16
22:04:07 done LL__EQ__A2C-n256__s4__DK2.json (443.3s): L(0.1)=0.25 L(2)=0
22:04:13 done ZF__EQ__A2C-n256__s4__DK1.json (443.5s): L(0.1)=1 L(2)=1
22:10:39 done ZF__EQ__A2C-n256__s4__DK2.json (440.2s): L(0.1)=1 L(2)=1
22:11:01 done FL__EQ__A2C-n64__s4__DK1.json (449.4s): L(0.1)=1 L(2)=1
22:11:02 done LL__EQ__A2C-n64__s4__DK1.json (446.5s): L(0.1)=16 L(2)=0.25
22:11:04 done FL__EQ__A2C-n64__s4__DK2.json (449.4s): L(0.1)=0 L(2)=0
22:11:33 done LL__EQ__A2C-n64__s4__DK2.json (455.9s): L(0.1)=4 L(2)=1
22:11:39 done ZF__EQ__A2C-n64__s4__DK1.json (452.5s): L(0.1)=1 L(2)=1
22:11:46 done ZF__EQ__A2C-n64__s4__DK2.json (453.1s): L(0.1)=16 L(2)=0
22:18:01 done FL__EQ__DQN-default__s4__DK1.json (441.4s): L(0.1)=0.25 L(2)=1
22:18:16 done FL__EQ__DQN-default__s4__DK2.json (434.7s): L(0.1)=16 L(2)=4
22:18:17 done LL__EQ__DQN-default__s4__DK2.json (432.8s): L(0.1)=16 L(2)=16
22:18:18 done LL__EQ__DQN-default__s4__DK1.json (436.0s): L(0.1)=0.25 L(2)=0.25
22:18:40 done ZF__EQ__DQN-default__s4__DK1.json (426.3s): L(0.1)=1 L(2)=1
22:18:40 done ZF__EQ__DQN-default__s4__DK2.json (421.0s): L(0.1)=16 L(2)=16
