rules done: DK1 RM
rules done: DK1 NE
rules done: DK2 RM
rules done: DK2 NE
120 RL jobs, 0 complete, running 120 with 7 workers
21:27:04 done FL__RM__PPO__s1__DK2.json (1448.8s)
21:27:11 done FL__RM__PPO__s1__DK1.json (1454.9s)
21:27:18 done FL__RM__PPO__s2__DK2.json (1461.5s)
21:27:21 done FL__RM__PPO__s0__DK2.json (1464.4s)
21:27:27 done FL__RM__PPO__s3__DK1.json (1470.4s)
21:27:29 done FL__RM__PPO__s2__DK1.json (1472.5s)
21:27:33 done FL__RM__PPO__s0__DK1.json (1477.5s)
21:43:49 done FL__RM__DQN__s0__DK1.json (988.8s)
21:43:50 done FL__RM__DQN__s0__DK2.json (982.8s)
21:43:57 done FL__RM__DQN__s1__DK1.json (988.3s)
21:44:05 done FL__RM__DQN__s1__DK2.json (991.4s)
21:51:18 done FL__RM__PPO__s3__DK2.json (1453.9s)
21:51:30 done FL__RM__PPO__s4__DK1.json (1459.1s)
21:51:44 done FL__RM__PPO__s4__DK2.json (1465.8s)
120 RL jobs, 14 complete, running 106 with 7 workers (NE first, seed-major)
22:13:20 done FL__NE__DQN__s0__DK1.json (1111.1s)
22:13:30 done LL__NE__DQN__s0__DK2.json (1120.8s)
22:13:32 done LL__NE__DQN__s0__DK1.json (1122.7s)
22:13:36 done ZF__NE__DQN__s0__DK2.json (1127.0s)
22:13:41 done ZF__NE__DQN__s0__DK1.json (1132.0s)
22:13:42 done FL__NE__DQN__s0__DK2.json (1133.2s)
22:21:39 done FL__NE__PPO__s0__DK1.json (1609.7s)
22:30:24 done FL__NE__DQN__s1__DK1.json (1001.8s)
22:37:44 done LL__NE__PPO__s0__DK2.json (1452.4s)
22:37:54 done ZF__NE__PPO__s0__DK1.json (1457.7s)
22:38:04 done FL__NE__PPO__s0__DK2.json (1483.7s)
22:38:09 done LL__NE__PPO__s0__DK1.json (1479.2s)
22:38:12 done ZF__NE__PPO__s0__DK2.json (1471.1s)
22:39:00 done FL__NE__DQN__s1__DK2.json (1041.6s)
22:49:20 done LL__NE__DQN__s1__DK1.json (1135.9s)
22:57:22 done LL__NE__DQN__s1__DK2.json (1177.6s)
22:57:39 done ZF__NE__DQN__s1__DK1.json (1185.6s)
22:57:58 done ZF__NE__DQN__s1__DK2.json (1194.1s)
23:05:57 done FL__NE__PPO__s1__DK2.json (1664.5s)
23:05:59 done FL__NE__PPO__s1__DK1.json (1670.4s)
23:06:24 done LL__NE__PPO__s1__DK1.json (1643.4s)
23:15:02 done FL__NE__DQN__s2__DK1.json (1024.3s)
23:15:26 done LL__NE__PPO__s1__DK2.json (1566.3s)
23:22:21 done ZF__NE__PPO__s1__DK1.json (1499.0s)
23:22:34 done ZF__NE__PPO__s1__DK2.json (1494.6s)
23:22:49 done FL__NE__DQN__s2__DK2.json (1012.6s)
23:22:50 done LL__NE__DQN__s2__DK1.json (1010.9s)
23:23:13 done LL__NE__DQN__s2__DK2.json (1009.5s)
23:31:52 done ZF__NE__DQN__s2__DK1.json (1009.9s)
23:32:16 done ZF__NE__DQN__s2__DK2.json (1010.2s)
23:46:47 done FL__NE__PPO__s2__DK1.json (1466.3s)
23:47:26 done FL__NE__PPO__s2__DK2.json (1492.4s)
23:47:30 done LL__NE__PPO__s2__DK1.json (1481.0s)
23:47:42 done LL__NE__PPO__s2__DK2.json (1491.7s)
23:48:14 done ZF__NE__PPO__s2__DK1.json (1500.6s)
23:49:45 done FL__NE__DQN__s3__DK1.json (1048.9s)
23:57:01 done ZF__NE__PPO__s2__DK2.json (1508.8s)
00:03:30 done FL__NE__DQN__s3__DK2.json (1003.1s)
00:04:15 done LL__NE__DQN__s3__DK1.json (1009.2s)
00:04:27 done LL__NE__DQN__s3__DK2.json (1016.5s)
00:04:38 done ZF__NE__DQN__s3__DK1.json (1015.8s)
00:05:07 done ZF__NE__DQN__s3__DK2.json (1013.4s)
00:14:34 done FL__NE__PPO__s3__DK1.json (1488.6s)
00:21:50 done FL__NE__PPO__s3__DK2.json (1489.0s)
00:22:08 done FL__NE__DQN__s4__DK1.json (1021.0s)
00:27:46 done LL__NE__PPO__s3__DK1.json (1456.0s)
00:28:54 done LL__NE__PPO__s3__DK2.json (1478.5s)
00:28:54 done ZF__NE__PPO__s3__DK1.json (1467.2s)
00:29:08 done ZF__NE__PPO__s3__DK2.json (1470.0s)
00:31:31 done FL__NE__DQN__s4__DK2.json (1016.9s)
00:38:58 done LL__NE__DQN__s4__DK1.json (1028.5s)
00:39:31 done LL__NE__DQN__s4__DK2.json (1043.1s)
00:45:21 done ZF__NE__DQN__s4__DK1.json (1054.9s)
00:46:28 done ZF__NE__DQN__s4__DK2.json (1054.1s)
00:54:05 done FL__NE__PPO__s4__DK1.json (1510.7s)
00:54:37 done FL__NE__PPO__s4__DK2.json (1529.2s)
00:56:51 done LL__NE__PPO__s4__DK1.json (1520.3s)
01:02:09 done LL__RM__DQN__s0__DK1.json (940.9s)
01:03:54 done LL__NE__PPO__s4__DK2.json (1496.1s)
01:04:22 done ZF__NE__PPO__s4__DK1.json (1490.6s)
01:09:55 done LL__RM__DQN__s0__DK2.json (950.3s)
01:09:55 done ZF__NE__PPO__s4__DK2.json (1474.2s)
01:10:24 done ZF__RM__DQN__s0__DK1.json (947.4s)
01:12:33 done ZF__RM__DQN__s0__DK2.json (942.0s)
01:25:23 done LL__RM__DQN__s1__DK1.json (927.2s)
01:25:31 done LL__RM__PPO__s0__DK1.json (1401.7s)
01:26:00 done LL__RM__DQN__s1__DK2.json (935.3s)
01:27:45 done LL__RM__PPO__s0__DK2.json (1430.3s)
01:27:55 done ZF__RM__PPO__s0__DK1.json (1412.8s)
01:28:36 done ZF__RM__DQN__s1__DK1.json (963.4s)
01:33:26 done ZF__RM__PPO__s0__DK2.json (1411.3s)
01:41:45 done ZF__RM__DQN__s1__DK2.json (982.0s)
01:44:53 done FL__RM__DQN__s2__DK1.json (976.7s)
02:29:54 done LL__RM__PPO__s1__DK1.json (3863.5s)
02:29:55 done FL__RM__DQN__s2__DK2.json (3388.7s)
02:30:50 done LL__RM__PPO__s1__DK2.json (3890.7s)
02:32:26 done ZF__RM__PPO__s1__DK1.json (3881.1s)
02:32:48 done ZF__RM__PPO__s1__DK2.json (3892.9s)
02:43:41 done LL__RM__DQN__s2__DK1.json (3716.5s)
02:48:57 done LL__RM__DQN__s2__DK2.json (3843.5s)
02:57:24 done ZF__RM__DQN__s2__DK1.json (1649.2s)
02:58:22 done ZF__RM__DQN__s2__DK2.json (1707.2s)
03:14:02 done LL__RM__PPO__s2__DK1.json (2591.4s)
03:15:37 done LL__RM__PPO__s2__DK2.json (2591.0s)
03:16:18 done ZF__RM__PPO__s2__DK1.json (2610.8s)
03:17:32 done FL__RM__DQN__s3__DK1.json (1715.5s)
03:23:25 done FL__RM__DQN__s3__DK2.json (1561.7s)
03:23:59 done ZF__RM__PPO__s2__DK2.json (2417.5s)
03:24:25 done LL__RM__DQN__s3__DK1.json (1563.0s)
03:35:02 done LL__RM__DQN__s3__DK2.json (1260.5s)
03:36:19 done ZF__RM__DQN__s3__DK1.json (1241.9s)
03:36:36 done ZF__RM__DQN__s3__DK2.json (1217.7s)
03:50:31 done LL__RM__PPO__s3__DK1.json (1979.2s)
03:59:11 done LL__RM__PPO__s3__DK2.json (2145.6s)
04:00:00 done ZF__RM__PPO__s3__DK1.json (2161.2s)
04:01:20 done ZF__RM__PPO__s3__DK2.json (2214.6s)
04:02:49 done FL__RM__DQN__s4__DK1.json (1666.9s)
04:04:30 done FL__RM__DQN__s4__DK2.json (1691.0s)
04:05:12 done LL__RM__DQN__s4__DK1.json (1715.8s)
04:24:59 done LL__RM__DQN__s4__DK2.json (2067.4s)
04:34:01 done ZF__RM__DQN__s4__DK1.json (2090.5s)
04:34:34 done ZF__RM__DQN__s4__DK2.json (2074.4s)
04:45:19 done LL__RM__PPO__s4__DK1.json (2639.5s)
04:46:19 done LL__RM__PPO__s4__DK2.json (2610.2s)
04:47:06 done ZF__RM__PPO__s4__DK1.json (2556.1s)
04:47:47 done ZF__RM__PPO__s4__DK2.json (2555.2s)
